P:0xee
mode:DIO, clock div:1
load:0x3fce3810,len:0x171c
load:0x403c9700,len:0x4
load:0x403c97040;32mI (31) boot: ESP-IDF v5.2-dev-2383-g82cceabc6e 2nd stage bootloader[0m
[0;32mI (31) boot: compile time Sep 1ESP-ROM:esp32s3-20210327
Build:Mar 27 2021
rst:0x1 (POWERON),boot:0x8 (SPI_FAST_FLASH_BOOT)
SPIWP:0xee
mode:DIO, clock div:1
load:0x3fce3810,len:0x171c
load:0x403c9700,len:0x4
load:0x403c9704,len:0xc20
load:0x403cc700,len:0x2f94
entry 0x403c9910
[0;32mI (27) boot: ESP-IDF v5.2-dev-2383-g82cceabc6e 2nd stage bootloader[0m
[0;32mI (27) boot: compile time Sep 12 2023 18:18:32[0m
[0;32mI (28) boot: Multicore bootloader[0m
[0;32mI (32) boot: chip revision: v0.1[0m
[0;32mI (35) boot.esp32s3: Boot SPI Speed : 80MHz[0m
[0;32mI (40) boot.esp32s3: SPI Mode       : DIO[0m
[0;32mI (45) boot.esp32s3: SPI Flash Size : 2MB[0m
[0;32mI (50) boot: Enabling RNG early entropy source...[0m
[0;32mI (55) boot: Partition Table:[0m
[0;32mI (59) boot: ## Label            Usage          Type ST Offset   Length[0m
[0;32mI (66) boot:  0 nvs              WiFi data        01 02 00009000 00006000[0m
[0;32mI (73) boot:  1 phy_init         RF data          01 01 0000f000 00001000[0m
[0;32mI (81) boot:  2 factory          factory app      00 00 00010000 00100000[0m
[0;32mI (88) boot: End of partition table[0m
[0;32mI (93) esp_image: segment 0: paddr=00010020 vaddr=3c050020 size=1e428h (123944) map[0m
[0;32mI (123) esp_image: segment 1: paddr=0002e450 vaddr=3fc93200 size=01bc8h (  7112) load[0m
[0;32mI (125) esp_image: segment 2: paddr=00030020 vaddr=42000020 size=4c7a0h (313248) map[0m
[0;32mI (185) esp_image: segment 3: paddr=0007c7c8 vaddr=3fc94dc8 size=00ed8h (  3800) load[0m
[0;32mI (186) esp_image: segment 4: paddr=0007d6a8 vaddr=40374000 size=0f184h ( 61828) load[0m
[0;32mI (211) boot: Loaded app from partition at offset 0x10000[0m
[0;32mI (211) boot: Disabling RNG early entropy source...[0m
[0;32mI (222) cpu_start: Multicore app[0m
[0;32mI (223) cpu_start: Pro cpu up.[0m
[0;32mI (223) cpu_start: Starting app cpu, entry point is 0x40375294[0m
[0;32mI (0) cpu_start: App cpu up.[0m
[0;32mI (241) cpu_start: Pro cpu start user code[0m
[0;32mI (241) cpu_start: cpu freq: 160000000 Hz[0m
[0;32mI (241) cpu_start: Application information:[0m
[0;32mI (244) cpu_start: Project name:     scanchain[0m
[0;32mI (249) cpu_start: App version:      4812529-dirty[0m
[0;32mI (255) cpu_start: Compile time:     Sep 12 2023 18:18:10[0m
[0;32mI (261) cpu_start: ELF file SHA256:  a83c534f5...[0m
[0;32mI (266) cpu_start: ESP-IDF:          v5.2-dev-2383-g82cceabc6e[0m
[0;32mI (273) cpu_start: Min chip rev:     v0.0[0m
[0;32mI (277) cpu_start: Max chip rev:     v0.99 [0m
[0;32mI (282) cpu_start: Chip rev:         v0.1[0m
[0;32mI (287) heap_init: Initializing. RAM available for dynamic allocation:[0m
[0;32mI (294) heap_init: At 3FC97C28 len 00051AE8 (326 KiB): DRAM[0m
[0;32mI (300) heap_init: At 3FCE9710 len 00005724 (21 KiB): STACK/DRAM[0m
[0;32mI (307) heap_init: At 3FCF0000 len 00008000 (32 KiB): DRAM[0m
[0;32mI (313) heap_init: At 600FE010 len 00001FD8 (7 KiB): RTCRAM[0m
[0;32mI (320) spi_flash: detected chip: gd[0m
[0;32mI (324) spi_flash: flash io: dio[0m
[0;33mW (328) spi_flash: Detected size(8192k) larger than the size in the binary image header(2048k). Using the size in the binary image header.[0m
[0;32mI (343) sleep: Configure to isolate all GPIO pins in sleep state[0m
[0;32mI (348) sleep: Enable automatic switching of GPIO sleep configuration[0m
[0;32mI (355) app_start: Starting scheduler on CPU0[0m
[0;32mI (360) app_start: Starting scheduler on CPU1[0m
[0;32mI (360) main_task: Started on CPU0[0m
[0;32mI (370) main_task: Calling app_main()[0m
[0;31mE (370) spi_master: check_trans_valid(777): rxdata transfer > host maximum[0m

assert failed: void CPPSPI::Spi::sendNBitData(int*, uint8_t) cppspi.cpp:193 (ret == ESP_OK)


Backtrace: 0x40375976:0x3fc9b660 0x4037a5e5:0x3fc9b680 0x40380e41:0x3fc9b6a0 0x4200910a:0x3fc9b7c0 0x42008f1a:0x3fc9b7f0 0x4204b8ff:0x3fc9b840 0x4037cd21:0x3fc9b870




ELF file SHA256: a83c534f5

Rebooting...
ï¿½ï¿½ï¿½ESP-ROM:esp32s3-20210327
Build:Mar 27 2021
rst:0xc (RTC_SW_CPU_RST),boot:0x8 (SPI_FAST_FLASH_BOOT)
Saved PC:0x40375888
SPIWP:0xee
mode:DIO, clock div:1
load:0x3fce3810,len:0x171c
load:0x403c9700,len:0x4
load:0x403c9704,len:0xc20
load:0x403cc700,len:0x2f94
entry 0x403c9910
[0;32mI (31) boot: ESP-IDF v5.2-dev-2383-g82cceabc6e 2nd stage bootloader[0m
[0;32mI (31) boot: compile time Sep 12 2023 18:18:32[0m
[0;32mI (32) boot: Multicore bootloader[0m
[0;32mI (36) boot: chip revision: v0.1[0m
[0;32mI (40) boot.esp32s3: Boot SPI Speed : 80MHz[0m
[0;32mI (45) boot.esp32s3: SPI Mode       : DIO[0m
[0;32mI (49) boot.esp32s3: SPI Flash Size : 2MB[0m
[0;32mI (54) boot: Enabling RNG early entropy source...[0m
[0;32mI (60) boot: Partition Table:[0m
[0;32mI (63) boot: ## Label            Usage          Type ST Offset   Length[0m
[0;32mI (70) boot:  0 nvs              WiFi data        01 02 00009000 00006000[0m
[0;32mI (78) boot:  1 phy_init         RF data          01 01 0000f000 00001000[0m
[0;32mI (85) boot:  2 factory          factory app      00 00 00010000 00100000[0m
[0;32mI (93) boot: End of partition table[0m
[0;32mI (97) esp_image: segment 0: paddr=00010020 vaddr=3c050020 size=1e428h (123944) map[0m
[0;32mI (128) esp_image: segment 1: paddr=0002e450 vaddr=3fc93200 size=01bc8h (  7112) load[0m
[0;32mI (130) esp_image: segment 2: paddr=00030020 vaddr=42000020 size=4c7a0h (313248) map[0m
[0;32mI (190) esp_image: segment 3: paddr=0007c7c8 vaddr=3fc94dc8 size=00ed8h (  3800) load[0m
[0;32mI (191) esp_image: segment 4: paddr=0007d6a8 vaddr=40374000 size=0f184h ( 61828) load[0m
[0;32mI (215) boot: Loaded app from partition at offset 0x10000[0m
[0;32mI (215) boot: Disabling RNG early entropy source...[0m
[0;32mI (227) cpu_start: Multicore app[0m
[0;32mI (227) cpu_start: Pro cpu up.[0m
[0;32mI (227) cpu_start: Starting app cpu, entry point is 0x40375294[0m
[0;32mI (206) cpu_start: App cpu up.[0m
[0;32mI (246) cpu_start: Pro cpu start user code[0m
[0;32mI (246) cpu_start: cpu freq: 160000000 Hz[0m
[0;32mI (246) cpu_start: Application information:[0m
[0;32mI (249) cpu_start: Project name:     scanchain[0m
[0;32mI (254) cpu_start: App version:      4812529-dirty[0m
[0;32mI (259) cpu_start: Compile time:     Sep 12 2023 18:18:10[0m
[0;32mI (265) cpu_start: ELF file SHA256:  a83c534f5...[0m
[0;32mI (271) cpu_start: ESP-IDF:          v5.2-dev-2383-g82cceabc6e[0m
[0;32mI (277) cpu_start: Min chip rev:     v0.0[0m
[0;32mI (282) cpu_start: Max chip rev:     v0.99 [0m
[0;32mI (287) cpu_start: Chip rev:         v0.1[0m
[0;32mI (292) heap_init: Initializing. RAM available for dynamic allocation:[0m
[0;32mI (299) heap_init: At 3FC97C28 len 00051AE8 (326 KiB): DRAM[0m
[0;32mI (305) heap_init: At 3FCE9710 len 00005724 (21 KiB): STACK/DRAM[0m
[0;32mI (312) heap_init: At 3FCF0000 len 00008000 (32 KiB): DRAM[0m
[0;32mI (318) heap_init: At 600FE010 len 00001FD8 (7 KiB): RTCRAM[0m
[0;32mI (325) spi_flash: detected chip: gd[0m
[0;32mI (328) spi_flash: flash io: dio[0m
[0;33mW (332) spi_flash: Detected size(8192k) larger than the size in the binary image header(2048k). Using the size in the binary image header.[0m
[0;32mI (347) sleep: Configure to isolate all GPIO pins in sleep state[0m
[0;32mI (352) sleep: Enable automatic switching of GPIO sleep configuration[0m
[0;32mI (359) app_start: Starting scheduler on CPU0[0m
[0;32mI (364) app_start: Starting scheduler on CPU1[0m
[0;32mI (364) main_task: Started on CPU0[0m
[0;32mI (374) main_task: Calling app_main()[0m
[0;31mE (374) spi_master: check_trans_valid(777): rxdata transfer > host maximum[0m

assert failed: void CPPSPI::Spi::sendNBitData(int*, uint8_t) cppspi.cpp:193 (ret == ESP_OK)


Backtrace: 0x40375976:0x3fc9b660 0x4037a5e5:0x3fc9b680 0x40380e41:0x3fc9b6a0 0x4200910a:0x3fc9b7c0 0x42008f1a:0x3fc9b7f0 0x4204b8ff:0x3fc9b840 0x4037cd21:0x3fc9b870




ELF file SHA256: a83c534f5

Rebooting...
ï¿½ï¿½ï¿½ESP-ROM:esp32s3-20210327
Build:Mar 27 2021
rst:0xc (RTC_SW_CPU_RST),boot:0x8 (SPI_FAST_FLASH_BOOT)
Saved PC:0x40375888
SPIWP:0xee
mode:DIO, clock div:1
load:0x3fce3810,len:0x171c
load:0x403c9700,len:0x4
load:0x403c9704,len:0xc20
load:0x403cc700,len:0x2f94
entry 0x403c9910
[0;32mI (31) boot: ESP-IDF v5.2-dev-2383-g82cceabc6e 2nd stage bootloader[0m
[0;32mI (31) boot: compile time Sep 12 2023 18:18:32[0m
[0;32mI (32) boot: Multicore bootloader[0m
[0;32mI (36) boot: chip revision: v0.1[0m
[0;32mI (40) boot.esp32s3: Boot SPI Speed : 80MHz[0m
[0;32mI (45) boot.esp32s3: SPI Mode       : DIO[0m
[0;32mI (49) boot.esp32s3: SPI Flash Size : 2MB[0m
[0;32mI (54) boot: Enabling RNG early entropy source...[0m
[0;32mI (60) boot: Partition Table:[0m
[0;32mI (63) boot: ## Label            Usage          Type ST Offset   Length[0m
[0;32mI (70) boot:  0 nvs              WiFi data        01 02 00009000 00006000[0m
[0;32mI (78) boot:  1 phy_init         RF data          01 01 0000f000 00001000[0m
[0;32mI (85) boot:  2 factory          factory app      00 00 00010000 00100000[0m
[0;32mI (93) boot: End of partition table[0m
[0;32mI (97) esp_image: segment 0: paddr=00010020 vaddr=3c050020 size=1e428h (123944) map[0m
[0;32mI (128) esp_image: segment 1: paddr=0002e450 vaddr=3fc93200 size=01bc8h (  7112) load[0m
[0;32mI (130) esp_image: segment 2: paddr=00030020 vaddr=42000020 size=4c7a0h (313248) map[0m
[0;32mI (190) esp_image: segment 3: paddr=0007c7c8 vaddr=3fc94dc8 size=00ed8h (  3800) load[0m
[0;32mI (191) esp_image: segment 4: paddr=0007d6a8 vaddr=40374000 size=0f184h ( 61828) load[0m
[0;32mI (215) boot: Loaded app from partition at offset 0x10000[0m
[0;32mI (215) boot: Disabling RNG early entropy source...[0m
[0;32mI (227) cpu_start: Multicore app[0m
[0;32mI (227) cpu_start: Pro cpu up.[0m
[0;32mI (227) cpu_start: Starting app cpu, entry point is 0x40375294[0m
[0;32mI (206) cpu_start: App cpu up.[0m
[0;32mI (246) cpu_start: Pro cpu start user code[0m
[0;32mI (246) cpu_start: cpu freq: 160000000 Hz[0m
[0;32mI (246) cpu_start: Application information:[0m
[0;32mI (249) cpu_start: Project name:     scanchain[0m
[0;32mI (254) cpu_start: App version:      4812529-dirty[0m
[0;32mI (259) cpu_start: Compile time:     Sep 12 2023 18:18:10[0m
[0;32mI (265) cpu_start: ELF file SHA256:  a83c534f5...[0m
[0;32mI (271) cpu_start: ESP-IDF:          v5.2-dev-2383-g82cceabc6e[0m
[0;32mI (277) cpu_start: Min chip rev:     v0.0[0m
[0;32mI (282) cpu_start: Max chip rev:     v0.99 [0m
[0;32mI (287) cpu_start: Chip rev:         v0.1[0m
[0;32mI (292) heap_init: Initializing. RAM available for dynamic allocation:[0m
[0;32mI (299) heap_init: At 3FC97C28 len 00051AE8 (326 KiB): DRAM[0m
[0;32mI (305) heap_init: At 3FCE9710 len 00005724 (21 KiB): STACK/DRAM[0m
[0;32mI (312) heap_init: At 3FCF0000 len 00008000 (32 KiB): DRAM[0m
[0;32mI (318) heap_init: At 600FE010 len 00001FD8 (7 KiB): RTCRAM[0m
[0;32mI (325) spi_flash: detected chip: gd[0m
[0;32mI (328) spi_flash: flash io: dio[0m
[0;33mW (332) spi_flash: Detected size(8192k) larger than the size in the binary image header(2048k). Using the size in the binary image header.[0m
[0;32mI (347) sleep: Configure to isolate all GPIO pins in sleep state[0m
[0;32mI (352) sleep: Enable automatic switching of GPIO sleep configuration[0m
[0;32mI (359) app_start: Starting scheduler on CPU0[0m
[0;32mI (364) app_start: Starting scheduler on CPU1[0m
[0;32mI (364) main_task: Started on CPU0[0m
[0;32mI (374) main_task: Calling app_main()[0m
[0;31mE (374) spi_master: check_trans_valid(777): rxdata transfer > host maximum[0m

assert failed: void CPPSPI::Spi::sendNBitData(int*, uint8_t) cppspi.cpp:193 (ret == ESP_OK)


Backtrace: 0x40375976:0x3fc9b660 0x4037a5e5:0x3fc9b680 0x40380e41:0x3fc9b6a0 0x4200910a:0x3fc9b7c0 0x42008f1a:0x3fc9b7f0 0x4204b8ff:0x3fc9b840 0x4037cd21:0x3fc9b870




ELF file SHA256: a83c534f5

Rebooting...
ï¿½ï¿½ï¿½ESP-ROM:esp32s3-20210327
Build:Mar 27 2021
rst:0xc (RTC_SW_CPU_RST),boot:0x8 (SPI_FAST_FLASH_BOOT)
Saved PC:0x40375888
SPIWP:0xee
mode:DIO, clock div:1
load:0x3fce3810,len:0x171c
load:0x403c9700,len:0x4
load:0x403c9704,len:0xc20
load:0x403cc700,len:0x2f94
entry 0x403c9910
[0;32mI (31) boot: ESP-IDF v5.2-dev-2383-g82cceabc6e 2nd stage bootloader[0m
[0;32mI (31) boot: compile time Sep 12 2023 18:18:32[0m
[0;32mI (32) boot: Multicore bootloader[0m
[0;32mI (36) boot: chip revision: v0.1[0m
[0;32mI (40) boot.esp32s3: Boot SPI Speed : 80MHz[0m
[0;32mI (45) boot.esp32s3: SPI Mode       : DIO[0m
[0;32mI (49) boot.esp32s3: SPI Flash Size : 2MB[0m
[0;32mI (54) boot: Enabling RNG early entropy source...[0m
[0;32mI (60) boot: Partition Table:[0m
[0;32mI (63) boot: ## Label            Usage          Type ST Offset   Length[0m
[0;32mI (70) boot:  0 nvs              WiFi data        01 02 00009000 00006000[0m
[0;32mI (78) boot:  1 phy_init         RF data          01 01 0000f000 00001000[0m
[0;32mI (85) boot:  2 factory          factory app      00 00 00010000 00100000[0m
[0;32mI (93) boot: End of partition table[0m
[0;32mI (97) esp_image: segment 0: paddr=00010020 vaddr=3c050020 size=1e428h (123944) map[0m
[0;32mI (128) esp_image: segment 1: paddr=0002e450 vaddr=3fc93200 size=01bc8h (  7112) load[0m
[0;32mI (130) esp_image: segment 2: paddr=00030020 vaddr=42000020 size=4c7a0h (313248) map[0m
[0;32mI (190) esp_image: segment 3: paddr=0007c7c8 vaddr=3fc94dc8 size=00ed8h (  3800) load[0m
[0;32mI (191) esp_image: segment 4: paddr=0007d6a8 vaddr=40374000 size=0f184h ( 61828) load[0m
[0;32mI (215) boot: Loaded app from partition at offset 0x10000[0m
[0;32mI (215) boot: Disabling RNG early entropy source...[0m
[0;32mI (227) cpu_start: Multicore app[0m
[0;32mI (227) cpu_start: Pro cpu up.[0m
[0;32mI (227) cpu_start: Starting app cpu, entry point is 0x40375294[0m
[0;32mI (206) cpu_start: App cpu up.[0m
[0;32mI (246) cpu_start: Pro cpu start user code[0m
[0;32mI (246) cpu_start: cpu freq: 160000000 Hz[0m
[0;32mI (246) cpu_start: Application information:[0m
[0;32mI (249) cpu_start: Project name:     scanchain[0m
[0;32mI (254) cpu_start: App version:      4812529-dirty[0m
[0;32mI (259) cpu_start: Compile time:     Sep 12 2023 18:18:10[0m
[0;32mI (265) cpu_start: ELF file SHA256:  a83c534f5...[0m
[0;32mI (271) cpu_start: ESP-IDF:          v5.2-dev-2383-g82cceabc6e[0m
[0;32mI (277) cpu_start: Min chip rev:     v0.0[0m
[0;32mI (282) cpu_start: Max chip rev:     v0.99 [0m
[0;32mI (287) cpu_start: Chip rev:         v0.1[0m
[0;32mI (292) heap_init: Initializing. RAM available for dynamic allocation:[0m
[0;32mI (299) heap_init: At 3FC97C28 len 00051AE8 (326 KiB): DRAM[0m
[0;32mI (305) heap_init: At 3FCE9710 len 00005724 (21 KiB): STACK/DRAM[0m
[0;32mI (312) heap_init: At 3FCF0000 len 00008000 (32 KiB): DRAM[0m
[0;32mI (318) heap_init: At 600FE010 len 00001FD8 (7 KiB): RTCRAM[0m
[0;32mI (325) spi_flash: detected chip: gd[0m
[0;32mI (328) spi_flash: flash io: dio[0m
[0;33mW (332) spi_flash: Detected size(8192k) larger than the size in the binary image header(2048k). Using the size in the binary image header.[0m
[0;32mI (347) sleep: Configure to isolate all GPIO pins in sleep state[0m
[0;32mI (352) sleep: Enable automatic switching of GPIO sleep configuration[0m
[0;32mI (359) app_start: Starting scheduler on CPU0[0m
[0;32mI (364) app_start: Starting scheduler on CPU1[0m
[0;32mI (364) main_task: Started on CPU0[0m
[0;32mI (374) main_task: Calling app_main()[0m
[0;31mE (374) spi_master: check_trans_valid(777): rxdata transfer > host maximum[0m

assert failed: void CPPSPI::Spi::sendNBitData(int*, uint8_t) cppspi.cpp:193 (ret == ESP_OK)


Backtrace: 0x40375976:0x3fc9b660 0x4037a5e5:0x3fc9b680 0x40380e41:0x3fc9b6a0 0x4200910a:0x3fc9b7c0 0x42008f1a:0x3fc9b7f0 0x4204b8ff:0x3fc9b840 0x4037cd21:0x3fc9b870




ELF file SHA256: a83c534f5

Rebooting...
ï¿½ï¿½ï¿½ESP-ROM:esp32s3-20210327
Build:Mar 27 2021
rst:0xc (RTC_SW_CPU_RST),boot:0x8 (SPI_FAST_FLASH_BOOT)
Saved PC:0x40375888
SPIWP:0xee
mode:DIO, clock div:1
load:0x3fce3810,len:0x171c
load:0x403c9700,len:0x4
load:0x403c9704,len:0xc20
load:0x403cc700,len:0x2f94
entry 0x403c9910
[0;32mI (31) boot: ESP-IDF v5.2-dev-2383-g82cceabc6e 2nd stage bootloader[0m
[0;32mI (31) boot: compile time Sep 12 2023 18:18:32[0m
[0;32mI (32) boot: Multicore bootloader[0m
[0;32mI (36) boot: chip revision: v0.1[0m
[0;32mI (40) boot.esp32s3: Boot SPI Speed : 80MHz[0m
[0;32mI (45) boot.esp32s3: SPI Mode       : DIO[0m
[0;32mI (49) boot.esp32s3: SPI Flash Size : 2MB[0m
[0;32mI (54) boot: Enabling RNG early entropy source...[0m
[0;32mI (60) boot: Partition Table:[0m
[0;32mI (63) boot: ## Label            Usage          Type ST Offset   Length[0m
[0;32mI (70) boot:  0 nvs              WiFi data        01 02 00009000 00006000[0m
[0;32mI (78) boot:  1 phy_init         RF data          01 01 0000f000 00001000[0m
[0;32mI (85) boot:  2 factory          factory app      00 00 00010000 00100000[0m
[0;32mI (93) boot: End of partition table[0m
[0;32mI (97) esp_image: segment 0: paddr=00010020 vaddr=3c050020 size=1e428h (123944) map[0m
[0;32mI (128) esp_image: segment 1: paddr=0002e450 vaddr=3fc93200 size=01bc8h (  7112) load[0m
[0;32mI (130) esp_image: segment 2: paddr=00030020 vaddr=42000020 size=4c7a0h (313248) map[0m
[0;32mI (190) esp_image: segment 3: paddr=0007c7c8 vaddr=3fc94dc8 size=00ed8h (  3800) load[0m
[0;32mI (191) esp_image: segment 4: paddr=0007d6a8 vaddr=40374000 size=0f184h ( 61828) load[0m
[0;32mI (215) boot: Loaded app from partition at offset 0x10000[0m
[0;32mI (215) boot: Disabling RNG early entropy source...[0m
[0;32mI (227) cpu_start: Multicore app[0m
[0;32mI (227) cpu_start: Pro cpu up.[0m
[0;32mI (227) cpu_start: Starting app cpu, entry point is 0x40375294[0m
[0;32mI (206) cpu_start: App cpu up.[0m
[0;32mI (246) cpu_start: Pro cpu start user code[0m
[0;32mI (246) cpu_start: cpu freq: 160000000 Hz[0m
[0;32mI (246) cpu_start: Application information:[0m
[0;32mI (249) cpu_start: Project name:     scanchain[0m
[0;32mI (254) cpu_start: App version:      4812529-dirty[0m
[0;32mI (259) cpu_start: Compile time:     Sep 12 2023 18:18:10[0m
[0;32mI (265) cpu_start: ELF file SHA256:  a83c534f5...[0m
[0;32mI (271) cpu_start: ESP-IDF:          v5.2-dev-2383-g82cceabc6e[0m
[0;32mI (277) cpu_start: Min chip rev:     v0.0[0m
[0;32mI (282) cpu_start: Max chip rev:     v0.99 [0m
[0;32mI (287) cpu_start: Chip rev:         v0.1[0m
[0;32mI (292) heap_init: Initializing. RAM available for dynamic allocation:[0m
[0;32mI (299) heap_init: At 3FC97C28 len 00051AE8 (326 KiB): DRAM[0m
[0;32mI (305) heap_init: At 3FCE9710 len 00005724 (21 KiB): STACK/DRAM[0m
[0;32mI (312) heap_init: At 3FCF0000 len 00008000 (32 KiB): DRAM[0m
[0;32mI (318) heap_init: At 600FE010 len 00001FD8 (7 KiB): RTCRAM[0m
[0;32mI (325) spi_flash: detected chip: gd[0m
[0;32mI (328) spi_flash: flash io: dio[0m
[0;33mW (332) spi_flash: Detected size(8192k) larger than the size in the binary image header(2048k). Using the size in the binary image header.[0m
[0;32mI (347) sleep: Configure to isolate all GPIO pins in sleep state[0m
[0;32mI (352) sleep: Enable automatic switching of GPIO sleep configuration[0m
[0;32mI (359) app_start: Starting scheduler on CPU0[0m
[0;32mI (364) app_start: Starting scheduler on CPU1[0m
[0;32mI (364) main_task: Started on CPU0[0m
[0;32mI (374) main_task: Calling app_main()[0m
[0;31mE (374) spi_master: check_trans_valid(777): rxdata transfer > host maximum[0m

assert failed: void CPPSPI::Spi::sendNBitData(int*, uint8_t) cppspi.cpp:193 (ret == ESP_OK)


Backtrace: 0x40375976:0x3fc9b660 0x4037a5e5:0x3fc9b680 0x40380e41:0x3fc9b6a0 0x4200910a:0x3fc9b7c0 0x42008f1a:0x3fc9b7f0 0x4204b8ff:0x3fc9b840 0x4037cd21:0x3fc9b870




ELF file SHA256: a83c534f5

Rebooting...
ï¿½ï¿½ï¿½ESP-ROM:esp32s3-20210327
Build:Mar 27 2021
rst:0xc (RTC_SW_CPU_RST),boot:0x8 (SPI_FAST_FLASH_BOOT)
Saved PC:0x40375888
SPIWP:0xee
mode:DIO, clock div:1
load:0x3fce3810,len:0x171c
load:0x403c9700,len:0x4
load:0x403c9704,len:0xc20
load:0x403cc700,len:0x2f94
entry 0x403c9910
[0;32mI (31) boot: ESP-IDF v5.2-dev-2383-g82cceabc6e 2nd stage bootloader[0m
[0;32mI (31) boot: compile time Sep 12 2023 18:18:32[0m
[0;32mI (32) boot: Multicore bootloader[0m
[0;32mI (36) boot: chip revision: v0.1[0m
[0;32mI (40) boot.esp32s3: Boot SPI Speed : 80MHz[0m
[0;32mI (45) boot.esp32s3: SPI Mode       : DIO[0m
[0;32mI (49) boot.esp32s3: SPI Flash Size : 2MB[0m
[0;32mI (54) boot: Enabling RNG early entropy source...[0m
[0;32mI (60) boot: Partition Table:[0m
[0;32mI (63) boot: ## Label            Usage          Type ST Offset   Length[0m
[0;32mI (70) boot:  0 nvs              WiFi data        01 02 00009000 00006000[0m
[0;32mI (78) boot:  1 phy_init         RF data          01 01 0000f000 00001000[0m
[0;32mI (85) boot:  2 factory          factory app      00 00 00010000 00100000[0m
[0;32mI (93) boot: End of partition table[0m
[0;32mI (97) esp_image: segment 0: paddr=00010020 vaddr=3c050020 size=1e428h (123944) map[0m
[0;32mI (128) esp_image: segment 1: paddr=0002e450 vaddr=3fc93200 size=01bc8h (  7112) load[0m
[0;32mI (130) esp_image: segment 2: paddr=00030020 vaddr=42000020 size=4c7a0h (313248) map[0m
[0;32mI (190) esp_image: segment 3: paddr=0007c7c8 vaddr=3fc94dc8 size=00ed8h (  3800) load[0m
[0;32mI (191) esp_image: segment 4: paddr=0007d6a8 vaddr=40374000 size=0f184h ( 61828) load[0m
[0;32mI (215) boot: Loaded app from partition at offset 0x10000[0m
[0;32mI (215) boot: Disabling RNG early entropy source...[0m
[0;32mI (227) cpu_start: Multicore app[0m
[0;32mI (227) cpu_start: Pro cpu up.[0m
[0;32mI (227) cpu_start: Starting app cpu, entry point is 0x40375294[0m
[0;32mI (206) cpu_start: App cpu up.[0m
[0;32mI (246) cpu_start: Pro cpu start user code[0m
[0;32mI (246) cpu_start: cpu freq: 160000000 Hz[0m
[0;32mI (246) cpu_start: Application information:[0m
[0;32mI (249) cpu_start: Project name:     scanchain[0m
[0;32mI (254) cpu_start: App version:      4812529-dirty[0m
[0;32mI (259) cpu_start: Compile time:     Sep 12 2023 18:18:10[0m
[0;32mI (265) cpu_start: ELF file SHA256:  a83c534f5...[0m
[0;32mI (271) cpu_start: ESP-IDF:          v5.2-dev-2383-g82cceabc6e[0m
[0;32mI (277) cpu_start: Min chip rev:     v0.0[0m
[0;32mI (282) cpu_start: Max chip rev:     v0.99 [0m
[0;32mI (287) cpu_start: Chip rev:         v0.1[0m
[0;32mI (292) heap_init: Initializing. RAM available for dynamic allocation:[0m
[0;32mI (299) heap_init: At 3FC97C28 len 00051AE8 (326 KiB): DRAM[0m
[0;32mI (305) heap_init: At 3FCE9710 len 00005724 (21 KiB): STACK/DRAM[0m
[0;32mI (312) heap_init: At 3FCF0000 len 00008000 (32 KiB): DRAM[0m
[0;32mI (318) heap_init: At 600FE010 len 00001FD8 (7 KiB): RTCRAM[0m
[0;32mI (325) spi_flash: detected chip: gd[0m
[0;32mI (328) spi_flash: flash io: dio[0m
[0;33mW (332) spi_flash: Detected size(8192k) larger than the size in the binary image header(2048k). Using the size in the binary image header.[0m
[0;32mI (347) sleep: Configure to isolate all GPIO pins in sleep state[0m
[0;32mI (352) sleep: Enable automatic switching of GPIO sleep configuration[0m
[0;32mI (359) app_start: Starting scheduler on CPU0[0m
[0;32mI (364) app_start: Starting scheduler on CPU1[0m
[0;32mI (364) main_task: Started on CPU0[0m
[0;32mI (374) main_task: Calling app_main()[0m
[0;31mE (374) spi_master: check_trans_valid(777): rxdata transfer > host maximum[0m

assert failed: void CPPSPI::Spi::sendNBitData(int*, uint8_t) cppspi.cpp:193 (ret == ESP_OK)


Backtrace: 0x40375976:0x3fc9b660 0x4037a5e5:0x3fc9b680 0x40380e41:0x3fc9b6a0 0x4200910a:0x3fc9b7c0 0x42008f1a:0x3fc9b7f0 0x4204b8ff:0x3fc9b840 0x4037cd21:0x3fc9b870




ELF file SHA256: a83c534f5

Rebooting...
ï¿½ï¿½ï¿½ESP-ROM:esp32s3-20210327
Build:Mar 27 2021
rst:0xc (RTC_SW_CPU_RST),boot:0x8 (SPI_FAST_FLASH_BOOT)
Saved PC:0x40375888
SPIWP:0xee
mode:DIO, clock div:1
load:0x3fce3810,len:0x171c
load:0x403c9700,len:0x4
load:0x403c9704,len:0xc20
load:0x403cc700,len:0x2f94
entry 0x403c9910
[0;32mI (31) boot: ESP-IDF v5.2-dev-2383-g82cceabc6e 2nd stage bootloader[0m
[0;32mI (31) boot: compile time Sep 12 2023 18:18:32[0m
[0;32mI (32) boot: Multicore bootloader[0m
[0;32mI (36) boot: chip revision: v0.1[0m
[0;32mI (40) boot.esp32s3: Boot SPI Speed : 80MHz[0m
[0;32mI (45) boot.esp32s3: SPI Mode       : DIO[0m
[0;32mI (49) boot.esp32s3: SPI Flash Size : 2MB[0m
[0;32mI (54) boot: Enabling RNG early entropy source...[0m
[0;32mI (60) boot: Partition Table:[0m
[0;32mI (63) boot: ## Label            Usage          Type ST Offset   Length[0m
[0;32mI (70) boot:  0 nvs              WiFi data        01 02 00009000 00006000[0m
[0;32mI (78) boot:  1 phy_init         RF data          01 01 0000f000 00001000[0m
[0;32mI (85) boot:  2 factory          factory app      00 00 00010000 00100000[0m
[0;32mI (93) boot: End of partition table[0m
[0;32mI (97) esp_image: segment 0: paddr=00010020 vaddr=3c050020 size=1e428h (123944) map[0m
[0;32mI (128) esp_image: segment 1: paddr=0002e450 vaddr=3fc93200 size=01bc8h (  7112) load[0m
[0;32mI (130) esp_image: segment 2: paddr=00030020 vaddr=42000020 size=4c7a0h (313248) map[0m
[0;32mI (190) esp_image: segment 3: paddr=0007c7c8 vaddr=3fc94dc8 size=00ed8h (  3800) load[0m
[0;32mI (191) esp_image: segment 4: paddr=0007d6a8 vaddr=40374000 size=0f184h ( 61828) load[0m
[0;32mI (215) boot: Loaded app from partition at offset 0x10000[0m
[0;32mI (215) boot: Disabling RNG early entropy source...[0m
[0;32mI (227) cpu_start: Multicore app[0m
[0;32mI (227) cpu_start: Pro cpu up.[0m
[0;32mI (227) cpu_start: Starting app cpu, entry point is 0x40375294[0m
[0;32mI (206) cpu_start: App cpu up.[0m
[0;32mI (246) cpu_start: Pro cpu start user code[0m
[0;32mI (246) cpu_start: cpu freq: 160000000 Hz[0m
[0;32mI (246) cpu_start: Application information:[0m
[0;32mI (249) cpu_start: Project name:     scanchain[0m
[0;32mI (254) cpu_start: App version:      4812529-dirty[0m
[0;32mI (259) cpu_start: Compile time:     Sep 12 2023 18:18:10[0m
[0;32mI (265) cpu_start: ELF file SHA256:  a83c534f5...[0m
[0;32mI (271) cpu_start: ESP-IDF:          v5.2-dev-2383-g82cceabc6e[0m
[0;32mI (277) cpu_start: Min chip rev:     v0.0[0m
[0;32mI (282) cpu_start: Max chip rev:     v0.99 [0m
[0;32mI (287) cpu_start: Chip rev:         v0.1[0m
[0;32mI (292) heap_init: Initializing. RAM available for dynamic allocation:[0m
[0;32mI (299) heap_init: At 3FC97C28 len 00051AE8 (326 KiB): DRAM[0m
[0;32mI (305) heap_init: At 3FCE9710 len 00005724 (21 KiB): STACK/DRAM[0m
[0;32mI (312) heap_init: At 3FCF0000 len 00008000 (32 KiB): DRAM[0m
[0;32mI (318) heap_init: At 600FE010 len 00001FD8 (7 KiB): RTCRAM[0m
[0;32mI (325) spi_flash: detected chip: gd[0m
[0;32mI (328) spi_flash: flash io: dio[0m
[0;33mW (332) spi_flash: Detected size(8192k) larger than the size in the binary image header(2048k). Using the size in the binary image header.[0m
[0;32mI (347) sleep: Configure to isolate all GPIO pins in sleep state[0m
[0;32mI (352) sleep: Enable automatic switching of GPIO sleep configuration[0m
[0;32mI (359) app_start: Starting scheduler on CPU0[0m
[0;32mI (364) app_start: Starting scheduler on CPU1[0m
[0;32mI (364) main_task: Started on CPU0[0m
[0;32mI (374) main_task: Calling app_main()[0m
[0;31mE (374) spi_master: check_trans_valid(777): rxdata transfer > host maximum[0m

assert failed: void CPPSPI::Spi::sendNBitData(int*, uint8_t) cppspi.cpp:193 (ret == ESP_OK)


Backtrace: 0x40375976:0x3fc9b660 0x4037a5e5:0x3fc9b680 0x40380e41:0x3fc9b6a0 0x4200910a:0x3fc9b7c0 0x42008f1a:0x3fc9b7f0 0x4204b8ff:0x3fc9b840 0x4037cd21:0x3fc9b870




ELF file SHA256: a83c534f5

Rebooting...
ï¿½ï¿½ï¿½ESP-ROM:esp32s3-20210327
Build:Mar 27 2021
rst:0xc (RTC_SW_CPU_RST),boot:0x8 (SPI_FAST_FLASH_BOOT)
Saved PC:0x40375888
SPIWP:0xee
mode:DIO, clock div:1
load:0x3fce3810,len:0x171c
load:0x403c9700,len:0x4
load:0x403c9704,len:0xc20
load:0x403cc700,len:0x2f94
entry 0x403c9910
[0;32mI (31) boot: ESP-IDF v5.2-dev-2383-g82cceabc6e 2nd stage bootloader[0m
[0;32mI (31) boot: compile time Sep 12 2023 18:18:32[0m
[0;32mI (32) boot: Multicore bootloader[0m
[0;32mI (36) boot: chip revision: v0.1[0m
[0;32mI (40) boot.esp32s3: Boot SPI Speed : 80MHz[0m
[0;32mI (45) boot.esp32s3: SPI Mode       : DIO[0m
[0;32mI (49) boot.esp32s3: SPI Flash Size : 2MB[0m
[0;32mI (54) boot: Enabling RNG early entropy source...[0m
[0;32mI (60) boot: Partition Table:[0m
[0;32mI (63) boot: ## Label            Usage          Type ST Offset   Length[0m
[0;32mI (70) boot:  0 nvs              WiFi data        01 02 00009000 00006000[0m
[0;32mI (78) boot:  1 phy_init         RF data          01 01 0000f000 00001000[0m
[0;32mI (85) boot:  2 factory          factory app      00 00 00010000 00100000[0m
[0;32mI (93) boot: End of partition table[0m
[0;32mI (97) esp_image: segment 0: paddr=00010020 vaddr=3c050020 size=1e428h (123944) map[0m
[0;32mI (128) esp_image: segment 1: paddr=0002e450 vaddr=3fc93200 size=01bc8h (  7112) load[0m
[0;32mI (130) esp_image: segment 2: paddr=00030020 vaddr=42000020 size=4c7a0h (313248) map[0m
[0;32mI (190) esp_image: segment 3: paddr=0007c7c8 vaddr=3fc94dc8 size=00ed8h (  3800) load[0m
[0;32mI (191) esp_image: segment 4: paddr=0007d6a8 vaddr=40374000 size=0f184h ( 61828) load[0m
[0;32mI (215) boot: Loaded app from partition at offset 0x10000[0m
[0;32mI (215) boot: Disabling RNG early entropy source...[0m
[0;32mI (227) cpu_start: Multicore app[0m
[0;32mI (227) cpu_start: Pro cpu up.[0m
[0;32mI (227) cpu_start: Starting app cpu, entry point is 0x40375294[0m
[0;32mI (206) cpu_start: App cpu up.[0m
[0;32mI (246) cpu_start: Pro cpu start user code[0m
[0;32mI (246) cpu_start: cpu freq: 160000000 Hz[0m
[0;32mI (246) cpu_start: Application information:[0m
[0;32mI (249) cpu_start: Project name:     scanchain[0m
[0;32mI (254) cpu_start: App version:      4812529-dirty[0m
[0;32mI (259) cpu_start: Compile time:     Sep 12 2023 18:18:10[0m
[0;32mI (265) cpu_start: ELF file SHA256:  a83c534f5...[0m
[0;32mI (271) cpu_start: ESP-IDF:          v5.2-dev-2383-g82cceabc6e[0m
[0;32mI (277) cpu_start: Min chip rev:     v0.0[0m
[0;32mI (282) cpu_start: Max chip rev:     v0.99 [0m
[0;32mI (287) cpu_start: Chip rev:         v0.1[0m
[0;32mI (292) heap_init: Initializing. RAM available for dynamic allocation:[0m
[0;32mI (299) heap_init: At 3FC97C28 len 00051AE8 (326 KiB): DRAM[0m
[0;32mI (305) heap_init: At 3FCE9710 len 00005724 (21 KiB): STACK/DRAM[0m
[0;32mI (312) heap_init: At 3FCF0000 len 00008000 (32 KiB): DRAM[0m
[0;32mI (318) heap_init: At 600FE010 len 00001FD8 (7 KiB): RTCRAM[0m
[0;32mI (325) spi_flash: detected chip: gd[0m
[0;32mI (328) spi_flash: flash io: dio[0m
[0;33mW (332) spi_flash: Detected size(8192k) larger than the size in the binary image header(2048k). Using the size in the binary image header.[0m
[0;32mI (347) sleep: Configure to isolate all GPIO pins in sleep state[0m
[0;32mI (352) sleep: Enable automatic switching of GPIO sleep configuration[0m
[0;32mI (359) app_start: Starting scheduler on CPU0[0m
[0;32mI (364) app_start: Starting scheduler on CPU1[0m
[0;32mI (364) main_task: Started on CPU0[0m
[0;32mI (374) main_task: Calling app_main()[0m
[0;31mE (374) spi_master: check_trans_valid(777): rxdata transfer > host maximum[0m

assert failed: void CPPSPI::Spi::sendNBitData(int*, uint8_t) cppspi.cpp:193 (ret == ESP_OK)


Backtrace: 0x40375976:0x3fc9b660 0x4037a5e5:0x3fc9b680 0x40380e41:0x3fc9b6a0 0x4200910a:0x3fc9b7c0 0x42008f1a:0x3fc9b7f0 0x4204b8ff:0x3fc9b840 0x4037cd21:0x3fc9b870




ELF file SHA256: a83c534f5

Rebooting...
ï¿½ï¿½ï¿½ESP-ROM:esp32s3-20210327
Build:Mar 27 2021
rst:0xc (RTC_SW_CPU_RST),boot:0x8 (SPI_FAST_FLASH_BOOT)
Saved PC:0x40375888
SPIWP:0xee
mode:DIO, clock div:1
load:0x3fce3810,len:0x171c
load:0x403c9700,len:0x4
load:0x403c9704,len:0xc20
load:0x403cc700,len:0x2f94
entry 0x403c9910
[0;32mI (31) boot: ESP-IDF v5.2-dev-2383-g82cceabc6e 2nd stage bootloader[0m
[0;32mI (31) boot: compile time Sep 12 2023 18:18:32[0m
[0;32mI (32) boot: Multicore bootloader[0m
[0;32mI (36) boot: chip revision: v0.1[0m
[0;32mI (40) boot.esp32s3: Boot SPI Speed : 80MHz[0m
[0;32mI (45) boot.esp32s3: SPI Mode       : DIO[0m
[0;32mI (49) boot.esp32s3: SPI Flash Size : 2MB[0m
[0;32mI (54) boot: Enabling RNG early entropy source...[0m
[0;32mI (60) boot: Partition Table:[0m
[0;32mI (63) boot: ## Label            Usage          Type ST Offset   Length[0m
[0;32mI (70) boot:  0 nvs              WiFi data        01 02 00009000 00006000[0m
[0;32mI (78) boot:  1 phy_init         RF data          01 01 0000f000 00001000[0m
[0;32mI (85) boot:  2 factory          factory app      00 00 00010000 00100000[0m
[0;32mI (93) boot: End of partition table[0m
[0;32mI (97) esp_image: segment 0: paddr=00010020 vaddr=3c050020 size=1e428h (123944) map[0m
[0;32mI (128) esp_image: segment 1: paddr=0002e450 vaddr=3fc93200 size=01bc8h (  7112) load[0m
[0;32mI (130) esp_image: segment 2: paddr=00030020 vaddr=42000020 size=4c7a0h (313248) map[0m
[0;32mI (190) esp_image: segment 3: paddr=0007c7c8 vaddr=3fc94dc8 size=00ed8h (  3800) load[0m
[0;32mI (191) esp_image: segment 4: paddr=0007d6a8 vaddr=40374000 size=0f184h ( 61828) load[0m
[0;32mI (215) boot: Loaded app from partition at offset 0x10000[0m
[0;32mI (215) boot: Disabling RNG early entropy source...[0m
[0;32mI (227) cpu_start: Multicore app[0m
[0;32mI (227) cpu_start: Pro cpu up.[0m
[0;32mI (227) cpu_start: Starting app cpu, entry point is 0x40375294[0m
[0;32mI (206) cpu_start: App cpu up.[0m
[0;32mI (246) cpu_start: Pro cpu start user code[0m
[0;32mI (246) cpu_start: cpu freq: 160000000 Hz[0m
[0;32mI (246) cpu_start: Application information:[0m
[0;32mI (249) cpu_start: Project name:     scanchain[0m
[0;32mI (254) cpu_start: App version:      4812529-dirty[0m
[0;32mI (259) cpu_start: Compile time:     Sep 12 2023 18:18:10[0m
[0;32mI (265) cpu_start: ELF file SHA256:  a83c534f5...[0m
[0;32mI (271) cpu_start: ESP-IDF:          v5.2-dev-2383-g82cceabc6e[0m
[0;32mI (277) cpu_start: Min chip rev:     v0.0[0m
[0;32mI (282) cpu_start: Max chip rev:     v0.99 [0m
[0;32mI (287) cpu_start: Chip rev:         v0.1[0m
[0;32mI (292) heap_init: Initializing. RAM available for dynamic allocation:[0m
[0;32mI (299) heap_init: At 3FC97C28 len 00051AE8 (326 KiB): DRAM[0m
[0;32mI (305) heap_init: At 3FCE9710 len 00005724 (21 KiB): STACK/DRAM[0m
[0;32mI (312) heap_init: At 3FCF0000 len 00008000 (32 KiB): DRAM[0m
[0;32mI (318) heap_init: At 600FE010 len 00001FD8 (7 KiB): RTCRAM[0m
[0;32mI (325) spi_flash: detected chip: gd[0m
[0;32mI (328) spi_flash: flash io: dio[0m
[0;33mW (332) spi_flash: Detected size(8192k) larger than the size in the binary image header(2048k). Using the size in the binary image header.[0m
[0;32mI (347) sleep: Configure to isolate all GPIO pins in sleep state[0m
[0;32mI (352) sleep: Enable automatic switching of GPIO sleep configuration[0m
[0;32mI (359) app_start: Starting scheduler on CPU0[0m
[0;32mI (364) app_start: Starting scheduler on CPU1[0m
[0;32mI (364) main_task: Started on CPU0[0m
[0;32mI (374) main_task: Calling app_main()[0m
[0;31mE (374) spi_master: check_trans_valid(777): rxdata transfer > host maximum[0m

assert failed: void CPPSPI::Spi::sendNBitData(int*, uint8_t) cppspi.cpp:193 (ret == ESP_OK)


Backtrace: 0x40375976:0x3fc9b660 0x4037a5e5:0x3fc9b680 0x40380e41:0x3fc9b6a0 0x4200910a:0x3fc9b7c0 0x42008f1a:0x3fc9b7f0 0x4204b8ff:0x3fc9b840 0x4037cd21:0x3fc9b870




ELF file SHA256: a83c534f5

Rebooting...
ï¿½ï¿½ï¿½ESP-ROM:esp32s3-20210327
Build:Mar 27 2021
rst:0xc (RTC_SW_CPU_RST),boot:0x8 (SPI_FAST_FLASH_BOOT)
Saved PC:0x40375888
SPIWP:0xee
mode:DIO, clock div:1
load:0x3fce3810,len:0x171c
load:0x403c9700,len:0x4
load:0x403c9704,len:0xc20
load:0x403cc700,len:0x2f94
entry 0x403c9910
[0;32mI (31) boot: ESP-IDF v5.2-dev-2383-g82cceabc6e 2nd stage bootloader[0m
[0;32mI (31) boot: compile time Sep 12 2023 18:18:32[0m
[0;32mI (32) boot: Multicore bootloader[0m
[0;32mI (36) boot: chip revision: v0.1[0m
[0;32mI (40) boot.esp32s3: Boot SPI Speed : 80MHz[0m
[0;32mI (45) boot.esp32s3: SPI Mode       : DIO[0m
[0;32mI (49) boot.esp32s3: SPI Flash Size : 2MB[0m
[0;32mI (54) boot: Enabling RNG early entropy source...[0m
[0;32mI (60) boot: Partition Table:[0m
[0;32mI (63) boot: ## Label            Usage          Type ST Offset   Length[0m
[0;32mI (70) boot:  0 nvs              WiFi data        01 02 00009000 00006000[0m
[0;32mI (78) boot:  1 phy_init         RF data          01 01 0000f000 00001000[0m
[0;32mI (85) boot:  2 factory          factory app      00 00 00010000 00100000[0m
[0;32mI (93) boot: End of partition table[0m
[0;32mI (97) esp_image: segment 0: paddr=00010020 vaddr=3c050020 size=1e428h (123944) map[0m
[0;32mI (128) esp_image: segment 1: paddr=0002e450 vaddr=3fc93200 size=01bc8h (  7112) load[0m
[0;32mI (130) esp_image: segment 2: paddr=00030020 vaddr=42000020 size=4c7a0h (313248) map[0m
[0;32mI (190) esp_image: segment 3: paddr=0007c7c8 vaddr=3fc94dc8 size=00ed8h (  3800) load[0m
[0;32mI (191) esp_image: segment 4: paddr=0007d6a8 vaddr=40374000 size=0f184h ( 61828) load[0m
[0;32mI (215) boot: Loaded app from partition at offset 0x10000[0m
[0;32mI (215) boot: Disabling RNG early entropy source...[0m
[0;32mI (227) cpu_start: Multicore app[0m
[0;32mI (227) cpu_start: Pro cpu up.[0m
[0;32mI (227) cpu_start: Starting app cpu, entry point is 0x40375294[0m
[0;32mI (206) cpu_start: App cpu up.[0m
[0;32mI (246) cpu_start: Pro cpu start user code[0m
[0;32mI (246) cpu_start: cpu freq: 160000000 Hz[0m
[0;32mI (246) cpu_start: Application information:[0m
[0;32mI (249) cpu_start: Project name:     scanchain[0m
[0;32mI (254) cpu_start: App version:      4812529-dirty[0m
[0;32mI (259) cpu_start: Compile time:     Sep 12 2023 18:18:10[0m
[0;32mI (265) cpu_start: ELF file SHA256:  a83c534f5...[0m
[0;32mI (271) cpu_start: ESP-IDF:          v5.2-dev-2383-g82cceabc6e[0m
[0;32mI (277) cpu_start: Min chip rev:     v0.0[0m
[0;32mI (282) cpu_start: Max chip rev:     v0.99 [0m
[0;32mI (287) cpu_start: Chip rev:         v0.1[0m
[0;32mI (292) heap_init: Initializing. RAM available for dynamic allocation:[0m
[0;32mI (299) heap_init: At 3FC97C28 len 00051AE8 (326 KiB): DRAM[0m
[0;32mI (305) heap_init: At 3FCE9710 len 00005724 (21 KiB): STACK/DRAM[0m
[0;32mI (312) heap_init: At 3FCF0000 len 00008000 (32 KiB): DRAM[0m
[0;32mI (318) heap_init: At 600FE010 len 00001FD8 (7 KiB): RTCRAM[0m
[0;32mI (325) spi_flash: detected chip: gd[0m
[0;32mI (328) spi_flash: flash io: dio[0m
[0;33mW (332) spi_flash: Detected size(8192k) larger than the size in the binary image header(2048k). Using the size in the binary image header.[0m
[0;32mI (347) sleep: Configure to isolate all GPIO pins in sleep state[0m
[0;32mI (352) sleep: Enable automatic switching of GPIO sleep configuration[0m
[0;32mI (359) app_start: Starting scheduler on CPU0[0m
[0;32mI (364) app_start: Starting scheduler on CPU1[0m
[0;32mI (364) main_task: Started on CPU0[0m
[0;32mI (374) main_task: Calling app_main()[0m
[0;31mE (374) spi_master: check_trans_valid(777): rxdata transfer > host maximum[0m

assert failed: void CPPSPI::Spi::sendNBitData(int*, uint8_t) cppspi.cpp:193 (ret == ESP_OK)


Backtrace: 0x40375976:0x3fc9b660 0x4037a5e5:0x3fc9b680 0x40380e41:0x3fc9b6a0 0x4200910a:0x3fc9b7c0 0x42008f1a:0x3fc9b7f0 0x4204b8ff:0x3fc9b840 0x4037cd21:0x3fc9b870




ELF file SHA256: a83c534f5

Rebooting...
ï¿½ï¿½ï¿½ESP-ROM:esp32s3-20210327
Build:Mar 27 2021
rst:0xc (RTC_SW_CPU_RST),boot:0x8 (SPI_FAST_FLASH_BOOT)
Saved PC:0x40375888
SPIWP:0xee
mode:DIO, clock div:1
load:0x3fce3810,len:0x171c
load:0x403c9700,len:0x4
load:0x403c9704,len:0xc20
load:0x403cc700,len:0x2f94
entry 0x403c9910
[0;32mI (31) boot: ESP-IDF v5.2-dev-2383-g82cceabc6e 2nd stage bootloader[0m
[0;32mI (31) boot: compile time Sep 12 2023 18:18:32[0m
[0;32mI (32) boot: Multicore bootloader[0m
[0;32mI (36) boot: chip revision: v0.1[0m
[0;32mI (40) boot.esp32s3: Boot SPI Speed : 80MHz[0m
[0;32mI (45) boot.esp32s3: SPI Mode       : DIO[0m
[0;32mI (49) boot.esp32s3: SPI Flash Size : 2MB[0m
[0;32mI (54) boot: Enabling RNG early entropy source...[0m
[0;32mI (60) boot: Partition Table:[0m
[0;32mI (63) boot: ## Label            Usage          Type ST Offset   Length[0m
[0;32mI (70) boot:  0 nvs              WiFi data        01 02 00009000 00006000[0m
[0;32mI (78) boot:  1 phy_init         RF data          01 01 0000f000 00001000[0m
[0;32mI (85) boot:  2 factory          factory app      00 00 00010000 00100000[0m
[0;32mI (93) boot: End of partition table[0m
[0;32mI (97) esp_image: segment 0: paddr=00010020 vaddr=3c050020 size=1e428h (123944) map[0m
[0;32mI (128) esp_image: segment 1: paddr=0002e450 vaddr=3fc93200 size=01bc8h (  7112) load[0m
[0;32mI (130) esp_image: segment 2: paddr=00030020 vaddr=42000020 size=4c7a0h (313248) map[0m
[0;32mI (190) esp_image: segment 3: paddr=0007c7c8 vaddr=3fc94dc8 size=00ed8h (  3800) load[0m
[0;32mI (191) esp_image: segment 4: paddr=0007d6a8 vaddr=40374000 size=0f184h ( 61828) load[0m
[0;32mI (215) boot: Loaded app from partition at offset 0x10000[0m
[0;32mI (215) boot: Disabling RNG early entropy source...[0m
[0;32mI (227) cpu_start: Multicore app[0m
[0;32mI (227) cpu_start: Pro cpu up.[0m
[0;32mI (227) cpu_start: Starting app cpu, entry point is 0x40375294[0m
[0;32mI (206) cpu_start: App cpu up.[0m
[0;32mI (246) cpu_start: Pro cpu start user code[0m
[0;32mI (246) cpu_start: cpu freq: 160000000 Hz[0m
[0;32mI (246) cpu_start: Application information:[0m
[0;32mI (249) cpu_start: Project name:     scanchain[0m
[0;32mI (254) cpu_start: App version:      4812529-dirty[0m
[0;32mI (259) cpu_start: Compile time:     Sep 12 2023 18:18:10[0m
[0;32mI (265) cpu_start: ELF file SHA256:  a83c534f5...[0m
[0;32mI (271) cpu_start: ESP-IDF:          v5.2-dev-2383-g82cceabc6e[0m
[0;32mI (277) cpu_start: Min chip rev:     v0.0[0m
[0;32mI (282) cpu_start: Max chip rev:     v0.99 [0m
[0;32mI (287) cpu_start: Chip rev:         v0.1[0m
[0;32mI (292) heap_init: Initializing. RAM available for dynamic allocation:[0m
[0;32mI (299) heap_init: At 3FC97C28 len 00051AE8 (326 KiB): DRAM[0m
[0;32mI (305) heap_init: At 3FCE9710 len 00005724 (21 KiB): STACK/DRAM[0m
[0;32mI (312) heap_init: At 3FCF0000 len 00008000 (32 KiB): DRAM[0m
[0;32mI (318) heap_init: At 600FE010 len 00001FD8 (7 KiB): RTCRAM[0m
[0;32mI (325) spi_flash: detected chip: gd[0m
[0;32mI (328) spi_flash: flash io: dio[0m
[0;33mW (332) spi_flash: Detected size(8192k) larger than the size in the binary image header(2048k). Using the size in the binary image header.[0m
[0;32mI (347) sleep: Configure to isolate all GPIO pins in sleep state[0m
[0;32mI (352) sleep: Enable automatic switching of GPIO sleep configuration[0m
[0;32mI (359) app_start: Starting scheduler on CPU0[0m
[0;32mI (364) app_start: Starting scheduler on CPU1[0m
[0;32mI (364) main_task: Started on CPU0[0m
[0;32mI (374) main_task: Calling app_main()[0m
[0;31mE (374) spi_master: check_trans_valid(777): rxdata transfer > host maximum[0m

assert failed: void CPPSPI::Spi::sendNBitData(int*, uint8_t) cppspi.cpp:193 (ret == ESP_OK)


Backtrace: 0x40375976:0x3fc9b660 0x4037a5e5:0x3fc9b680 0x40380e41:0x3fc9b6a0 0x4200910a:0x3fc9b7c0 0x42008f1a:0x3fc9b7f0 0x4204b8ff:0x3fc9b840 0x4037cd21:0x3fc9b870




ELF file SHA256: a83c534f5

Rebooting...
ï¿½ï¿½ï¿½ESP-ROM:esp32s3-20210327
Build:Mar 27 2021
rst:0xc (RTC_SW_CPU_RST),boot:0x8 (SPI_FAST_FLASH_BOOT)
Saved PC:0x40375888
SPIWP:0xee
mode:DIO, clock div:1
load:0x3fce3810,len:0x171c
load:0x403c9700,len:0x4
load:0x403c9704,len:0xc20
load:0x403cc700,len:0x2f94
entry 0x403c9910
[0;32mI (31) boot: ESP-IDF v5.2-dev-2383-g82cceabc6e 2nd stage bootloader[0m
[0;32mI (31) boot: compile time Sep 12 2023 18:18:32[0m
[0;32mI (32) boot: Multicore bootloader[0m
[0;32mI (36) boot: chip revision: v0.1[0m
[0;32mI (40) boot.esp32s3: Boot SPI Speed : 80MHz[0m
[0;32mI (45) boot.esp32s3: SPI Mode       : DIO[0m
[0;32mI (49) boot.esp32s3: SPI Flash Size : 2MB[0m
[0;32mI (54) boot: Enabling RNG early entropy source...[0m
[0;32mI (60) boot: Partition Table:[0m
[0;32mI (63) boot: ## Label            Usage          Type ST Offset   Length[0m
[0;32mI (70) boot:  0 nvs              WiFi data        01 02 00009000 00006000[0m
[0;32mI (78) boot:  1 phy_init         RF data          01 01 0000f000 00001000[0m
[0;32mI (85) boot:  2 factory          factory app      00 00 00010000 00100000[0m
[0;32mI (93) boot: End of partition table[0m
[0;32mI (97) esp_image: segment 0: paddr=00010020 vaddr=3c050020 size=1e428h (123944) map[0m
[0;32mI (128) esp_image: segment 1: paddr=0002e450 vaddr=3fc93200 size=01bc8h (  7112) load[0m
[0;32mI (130) esp_image: segment 2: paddr=00030020 vaddr=42000020 size=4c7a0h (313248) map[0m
[0;32mI (190) esp_image: segment 3: paddr=0007c7c8 vaddr=3fc94dc8 size=00ed8h (  3800) load[0m
[0;32mI (191) esp_image: segment 4: paddr=0007d6a8 vaddr=40374000 size=0f184h ( 61828) load[0m
[0;32mI (215) boot: Loaded app from partition at offset 0x10000[0m
[0;32mI (215) boot: Disabling RNG early entropy source...[0m
[0;32mI (227) cpu_start: Multicore app[0m
[0;32mI (227) cpu_start: Pro cpu up.[0m
[0;32mI (227) cpu_start: Starting app cpu, entry point is 0x40375294[0m
[0;32mI (206) cpu_start: App cpu up.[0m
[0;32mI (246) cpu_start: Pro cpu start user code[0m
[0;32mI (246) cpu_start: cpu freq: 160000000 Hz[0m
[0;32mI (246) cpu_start: Application information:[0m
[0;32mI (249) cpu_start: Project name:     scanchain[0m
[0;32mI (254) cpu_start: App version:      4812529-dirty[0m
[0;32mI (259) cpu_start: Compile time:     Sep 12 2023 18:18:10[0m
[0;32mI (265) cpu_start: ELF file SHA256:  a83c534f5...[0m
[0;32mI (271) cpu_start: ESP-IDF:          v5.2-dev-2383-g82cceabc6e[0m
[0;32mI (277) cpu_start: Min chip rev:     v0.0[0m
[0;32mI (282) cpu_start: Max chip rev:     v0.99 [0m
[0;32mI (287) cpu_start: Chip rev:         v0.1[0m
[0;32mI (292) heap_init: Initializing. RAM available for dynamic allocation:[0m
[0;32mI (299) heap_init: At 3FC97C28 len 00051AE8 (326 KiB): DRAM[0m
[0;32mI (305) heap_init: At 3FCE9710 len 00005724 (21 KiB): STACK/DRAM[0m
[0;32mI (312) heap_init: At 3FCF0000 len 00008000 (32 KiB): DRAM[0m
[0;32mI (318) heap_init: At 600FE010 len 00001FD8 (7 KiB): RTCRAM[0m
[0;32mI (325) spi_flash: detected chip: gd[0m
[0;32mI (328) spi_flash: flash io: dio[0m
[0;33mW (332) spi_flash: Detected size(8192k) larger than the size in the binary image header(2048k). Using the size in the binary image header.[0m
[0;32mI (347) sleep: Configure to isolate all GPIO pins in sleep state[0m
[0;32mI (352) sleep: Enable automatic switching of GPIO sleep configuration[0m
[0;32mI (359) app_start: Starting scheduler on CPU0[0m
[0;32mI (364) app_start: Starting scheduler on CPU1[0m
[0;32mI (364) main_task: Started on CPU0[0m
[0;32mI (374) main_task: Calling app_main()[0m
[0;31mE (374) spi_master: check_trans_valid(777): rxdata transfer > host maximum[0m

assert failed: void CPPSPI::Spi::sendNBitData(int*, uint8_t) cppspi.cpp:193 (ret == ESP_OK)


Backtrace: 0x40375976:0x3fc9b660 0x4037a5e5:0x3fc9b680 0x40380e41:0x3fc9b6a0 0x4200910a:0x3fc9b7c0 0x42008f1a:0x3fc9b7f0 0x4204b8ff:0x3fc9b840 0x4037cd21:0x3fc9b870




ELF file SHA256: a83c534f5

Rebooting...
ï¿½ï¿½ï¿½ESP-ROM:esp32s3-20210327
Build:Mar 27 2021
rst:0xc (RTC_SW_CPU_RST),boot:0x8 (SPI_FAST_FLASH_BOOT)
Saved PC:0x40375888
SPIWP:0xee
mode:DIO, clock div:1
load:0x3fce3810,len:0x171c
load:0x403c9700,len:0x4
load:0x403c9704,len:0xc20
load:0x403cc700,len:0x2f94
entry 0x403c9910
[0;32mI (31) boot: ESP-IDF v5.2-dev-2383-g82cceabc6e 2nd stage bootloader[0m
[0;32mI (31) boot: compile time Sep 12 2023 18:18:32[0m
[0;32mI (32) boot: Multicore bootloader[0m
[0;32mI (36) boot: chip revision: v0.1[0m
[0;32mI (40) boot.esp32s3: Boot SPI Speed : 80MHz[0m
[0;32mI (45) boot.esp32s3: SPI Mode       : DIO[0m
[0;32mI (49) boot.esp32s3: SPI Flash Size : 2MB[0m
[0;32mI (54) boot: Enabling RNG early entropy source...[0m
[0;32mI (60) boot: Partition Table:[0m
[0;32mI (63) boot: ## Label            Usage          Type ST Offset   Length[0m
[0;32mI (70) boot:  0 nvs              WiFi data        01 02 00009000 00006000[0m
[0;32mI (78) boot:  1 phy_init         RF data          01 01 0000f000 00001000[0m
[0;32mI (85) boot:  2 factory          factory app      00 00 00010000 00100000[0m
[0;32mI (93) boot: End of partition table[0m
[0;32mI (97) esp_image: segment 0: paddr=00010020 vaddr=3c050020 size=1e428h (123944) map[0m
[0;32mI (128) esp_image: segment 1: paddr=0002e450 vaddr=3fc93200 size=01bc8h (  7112) load[0m
[0;32mI (130) esp_image: segment 2: paddr=00030020 vaddr=42000020 size=4c7a0h (313248) map[0m
[0;32mI (190) esp_image: segment 3: paddr=0007c7c8 vaddr=3fc94dc8 size=00ed8h (  3800) load[0m
[0;32mI (191) esp_image: segment 4: paddr=0007d6a8 vaddr=40374000 size=0f184h ( 61828) load[0m
[0;32mI (215) boot: Loaded app from partition at offset 0x10000[0m
[0;32mI (215) boot: Disabling RNG early entropy source...[0m
[0;32mI (227) cpu_start: Multicore app[0m
[0;32mI (227) cpu_start: Pro cpu up.[0m
[0;32mI (227) cpu_start: Starting app cpu, entry point is 0x40375294[0m
[0;32mI (206) cpu_start: App cpu up.[0m
[0;32mI (246) cpu_start: Pro cpu start user code[0m
[0;32mI (246) cpu_start: cpu freq: 160000000 Hz[0m
[0;32mI (246) cpu_start: Application information:[0m
[0;32mI (249) cpu_start: Project name:     scanchain[0m
[0;32mI (254) cpu_start: App version:      4812529-dirty[0m
[0;32mI (259) cpu_start: Compile time:     Sep 12 2023 18:18:10[0m
[0;32mI (265) cpu_start: ELF file SHA256:  a83c534f5...[0m
[0;32mI (271) cpu_start: ESP-IDF:          v5.2-dev-2383-g82cceabc6e[0m
[0;32mI (277) cpu_start: Min chip rev:     v0.0[0m
[0;32mI (282) cpu_start: Max chip rev:     v0.99 [0m
[0;32mI (287) cpu_start: Chip rev:         v0.1[0m
[0;32mI (292) heap_init: Initializing. RAM available for dynamic allocation:[0m
[0;32mI (299) heap_init: At 3FC97C28 len 00051AE8 (326 KiB): DRAM[0m
[0;32mI (305) heap_init: At 3FCE9710 len 00005724 (21 KiB): STACK/DRAM[0m
[0;32mI (312) heap_init: At 3FCF0000 len 00008000 (32 KiB): DRAM[0m
[0;32mI (318) heap_init: At 600FE010 len 00001FD8 (7 KiB): RTCRAM[0m
[0;32mI (325) spi_flash: detected chip: gd[0m
[0;32mI (328) spi_flash: flash io: dio[0m
[0;33mW (332) spi_flash: Detected size(8192k) larger than the size in the binary image header(2048k). Using the size in the binary image header.[0m
[0;32mI (347) sleep: Configure to isolate all GPIO pins in sleep state[0m
[0;32mI (352) sleep: Enable automatic switching of GPIO sleep configuration[0m
[0;32mI (359) app_start: Starting scheduler on CPU0[0m
[0;32mI (364) app_start: Starting scheduler on CPU1[0m
[0;32mI (364) main_task: Started on CPU0[0m
[0;32mI (374) main_task: Calling app_main()[0m
[0;31mE (374) spi_master: check_trans_valid(777): rxdata transfer > host maximum[0m

assert failed: void CPPSPI::Spi::sendNBitData(int*, uint8_t) cppspi.cpp:193 (ret == ESP_OK)


Backtrace: 0x40375976:0x3fc9b660 0x4037a5e5:0x3fc9b680 0x40380e41:0x3fc9b6a0 0x4200910a:0x3fc9b7c0 0x42008f1a:0x3fc9b7f0 0x4204b8ff:0x3fc9b840 0x4037cd21:0x3fc9b870




ELF file SHA256: a83c534f5

Rebooting...
ï¿½ï¿½ï¿½ESP-ROM:esp32s3-20210327
Build:Mar 27 2021
rst:0xc (RTC_SW_CPU_RST),boot:0x8 (SPI_FAST_FLASH_BOOT)
Saved PC:0x40375888
SPIWP:0xee
mode:DIO, clock div:1
load:0x3fce3810,len:0x171c
load:0x403c9700,len:0x4
load:0x403c9704,len:0xc20
load:0x403cc700,len:0x2f94
entry 0x403c9910
[0;32mI (31) boot: ESP-IDF v5.2-dev-2383-g82cceabc6e 2nd stage bootloader[0m
[0;32mI (31) boot: compile time Sep 12 2023 18:18:32[0m
[0;32mI (32) boot: Multicore bootloader[0m
[0;32mI (36) boot: chip revision: v0.1[0m
[0;32mI (40) boot.esp32s3: Boot SPI Speed : 80MHz[0m
[0;32mI (45) boot.esp32s3: SPI Mode       : DIO[0m
[0;32mI (49) boot.esp32s3: SPI Flash Size : 2MB[0m
[0;32mI (54) boot: Enabling RNG early entropy source...[0m
[0;32mI (60) boot: Partition Table:[0m
[0;32mI (63) boot: ## Label            Usage          Type ST Offset   Length[0m
[0;32mI (70) boot:  0 nvs              WiFi data        01 02 00009000 00006000[0m
[0;32mI (78) boot:  1 phy_init         RF data          01 01 0000f000 00001000[0m
[0;32mI (85) boot:  2 factory          factory app      00 00 00010000 00100000[0m
[0;32mI (93) boot: End of partition table[0m
[0;32mI (97) esp_image: segment 0: paddr=00010020 vaddr=3c050020 size=1e428h (123944) map[0m
[0;32mI (128) esp_image: segment 1: paddr=0002e450 vaddr=3fc93200 size=01bc8h (  7112) load[0m
[0;32mI (130) esp_image: segment 2: paddr=00030020 vaddr=42000020 size=4c7a0h (313248) map[0m
[0;32mI (190) esp_image: segment 3: paddr=0007c7c8 vaddr=3fc94dc8 size=00ed8h (  3800) load[0m
[0;32mI (191) esp_image: segment 4: paddr=0007d6a8 vaddr=40374000 size=0f184h ( 61828) load[0m
[0;32mI (215) boot: Loaded app from partition at offset 0x10000[0m
[0;32mI (215) boot: Disabling RNG early entropy source...[0m
[0;32mI (227) cpu_start: Multicore app[0m
[0;32mI (227) cpu_start: Pro cpu up.[0m
[0;32mI (227) cpu_start: Starting app cpu, entry point is 0x40375294[0m
[0;32mI (206) cpu_start: App cpu up.[0m
[0;32mI (246) cpu_start: Pro cpu start user code[0m
[0;32mI (246) cpu_start: cpu freq: 160000000 Hz[0m
[0;32mI (246) cpu_start: Application information:[0m
[0;32mI (249) cpu_start: Project name:     scanchain[0m
[0;32mI (254) cpu_start: App version:      4812529-dirty[0m
[0;32mI (259) cpu_start: Compile time:     Sep 12 2023 18:18:10[0m
[0;32mI (265) cpu_start: ELF file SHA256:  a83c534f5...[0m
[0;32mI (271) cpu_start: ESP-IDF:          v5.2-dev-2383-g82cceabc6e[0m
[0;32mI (277) cpu_start: Min chip rev:     v0.0[0m
[0;32mI (282) cpu_start: Max chip rev:     v0.99 [0m
[0;32mI (287) cpu_start: Chip rev:         v0.1[0m
[0;32mI (292) heap_init: Initializing. RAM available for dynamic allocation:[0m
[0;32mI (299) heap_init: At 3FC97C28 len 00051AE8 (326 KiB): DRAM[0m
[0;32mI (305) heap_init: At 3FCE9710 len 00005724 (21 KiB): STACK/DRAM[0m
[0;32mI (312) heap_init: At 3FCF0000 len 00008000 (32 KiB): DRAM[0m
[0;32mI (318) heap_init: At 600FE010 len 00001FD8 (7 KiB): RTCRAM[0m
[0;32mI (325) spi_flash: detected chip: gd[0m
[0;32mI (328) spi_flash: flash io: dio[0m
[0;33mW (332) spi_flash: Detected size(8192k) larger than the size in the binary image header(2048k). Using the size in the binary image header.[0m
[0;32mI (347) sleep: Configure to isolate all GPIO pins in sleep state[0m
[0;32mI (352) sleep: Enable automatic switching of GPIO sleep configuration[0m
[0;32mI (359) app_start: Starting scheduler on CPU0[0m
[0;32mI (364) app_start: Starting scheduler on CPU1[0m
[0;32mI (364) main_task: Started on CPU0[0m
[0;32mI (374) main_task: Calling app_main()[0m
[0;31mE (374) spi_master: check_trans_valid(777): rxdata transfer > host maximum[0m

assert failed: void CPPSPI::Spi::sendNBitData(int*, uint8_t) cppspi.cpp:193 (ret == ESP_OK)


Backtrace: 0x40375976:0x3fc9b660 0x4037a5e5:0x3fc9b680 0x40380e41:0x3fc9b6a0 0x4200910a:0x3fc9b7c0 0x42008f1a:0x3fc9b7f0 0x4204b8ff:0x3fc9b840 0x4037cd21:0x3fc9b870




ELF file SHA256: a83c534f5

Rebooting...
ï¿½ï¿½ï¿½ESP-ROM:esp32s3-20210327
Build:Mar 27 2021
rst:0xc (RTC_SW_CPU_RST),boot:0x8 (SPI_FAST_FLASH_BOOT)
Saved PC:0x40375888
SPIWP:0xee
mode:DIO, clock div:1
load:0x3fce3810,len:0x171c
load:0x403c9700,len:0x4
load:0x403c9704,len:0xc20
load:0x403cc700,len:0x2f94
entry 0x403c9910
[0;32mI (31) boot: ESP-IDF v5.2-dev-2383-g82cceabc6e 2nd stage bootloader[0m
[0;32mI (31) boot: compile time Sep 12 2023 18:18:32[0m
[0;32mI (32) boot: Multicore bootloader[0m
[0;32mI (36) boot: chip revision: v0.1[0m
[0;32mI (40) boot.esp32s3: Boot SPI Speed : 80MHz[0m
[0;32mI (45) boot.esp32s3: SPI Mode       : DIO[0m
[0;32mI (49) boot.esp32s3: SPI Flash Size : 2MB[0m
[0;32mI (54) boot: Enabling RNG early entropy source...[0m
[0;32mI (60) boot: Partition Table:[0m
[0;32mI (63) boot: ## Label            Usage          Type ST Offset   Length[0m
[0;32mI (70) boot:  0 nvs              WiFi data        01 02 00009000 00006000[0m
[0;32mI (78) boot:  1 phy_init         RF data          01 01 0000f000 00001000[0m
[0;32mI (85) boot:  2 factory          factory app      00 00 00010000 00100000[0m
[0;32mI (93) boot: End of partition table[0m
[0;32mI (97) esp_image: segment 0: paddr=00010020 vaddr=3c050020 size=1e428h (123944) map[0m
[0;32mI (128) esp_image: segment 1: paddr=0002e450 vaddr=3fc93200 size=01bc8h (  7112) load[0m
[0;32mI (130) esp_image: segment 2: paddr=00030020 vaddr=42000020 size=4c7a0h (313248) map[0m
[0;32mI (190) esp_image: segment 3: paddr=0007c7c8 vaddr=3fc94dc8 size=00ed8h (  3800) load[0m
[0;32mI (191) esp_image: segment 4: paddr=0007d6a8 vaddr=40374000 size=0f184h ( 61828) load[0m
[0;32mI (215) boot: Loaded app from partition at offset 0x10000[0m
[0;32mI (215) boot: Disabling RNG early entropy source...[0m
[0;32mI (227) cpu_start: Multicore app[0m
[0;32mI (227) cpu_start: Pro cpu up.[0m
[0;32mI (227) cpu_start: Starting app cpu, entry point is 0x40375294[0m
[0;32mI (206) cpu_start: App cpu up.[0m
[0;32mI (246) cpu_start: Pro cpu start user code[0m
[0;32mI (246) cpu_start: cpu freq: 160000000 Hz[0m
[0;32mI (246) cpu_start: Application information:[0m
[0;32mI (249) cpu_start: Project name:     scanchain[0m
[0;32mI (254) cpu_start: App version:      4812529-dirty[0m
[0;32mI (259) cpu_start: Compile time:     Sep 12 2023 18:18:10[0m
[0;32mI (265) cpu_start: ELF file SHA256:  a83c534f5...[0m
[0;32mI (271) cpu_start: ESP-IDF:          v5.2-dev-2383-g82cceabc6e[0m
[0;32mI (277) cpu_start: Min chip rev:     v0.0[0m
[0;32mI (282) cpu_start: Max chip rev:     v0.99 [0m
[0;32mI (287) cpu_start: Chip rev:         v0.1[0m
[0;32mI (292) heap_init: Initializing. RAM available for dynamic allocation:[0m
[0;32mI (299) heap_init: At 3FC97C28 len 00051AE8 (326 KiB): DRAM[0m
[0;32mI (305) heap_init: At 3FCE9710 len 00005724 (21 KiB): STACK/DRAM[0m
[0;32mI (312) heap_init: At 3FCF0000 len 00008000 (32 KiB): DRAM[0m
[0;32mI (318) heap_init: At 600FE010 len 00001FD8 (7 KiB): RTCRAM[0m
[0;32mI (325) spi_flash: detected chip: gd[0m
[0;32mI (328) spi_flash: flash io: dio[0m
[0;33mW (332) spi_flash: Detected size(8192k) larger than the size in the binary image header(2048k). Using the size in the binary image header.[0m
[0;32mI (347) sleep: Configure to isolate all GPIO pins in sleep state[0m
[0;32mI (352) sleep: Enable automatic switching of GPIO sleep configuration[0m
[0;32mI (359) app_start: Starting scheduler on CPU0[0m
[0;32mI (364) app_start: Starting scheduler on CPU1[0m
[0;32mI (364) main_task: Started on CPU0[0m
[0;32mI (374) main_task: Calling app_main()[0m
[0;31mE (374) spi_master: check_trans_valid(777): rxdata transfer > host maximum[0m

assert failed: void CPPSPI::Spi::sendNBitData(int*, uint8_t) cppspi.cpp:193 (ret == ESP_OK)


Backtrace: 0x40375976:0x3fc9b660 0x4037a5e5:0x3fc9b680 0x40380e41:0x3fc9b6a0 0x4200910a:0x3fc9b7c0 0x42008f1a:0x3fc9b7f0 0x4204b8ff:0x3fc9b840 0x4037cd21:0x3fc9b870




ELF file SHA256: a83c534f5

Rebooting...
ï¿½ï¿½ï¿½ESP-ROM:esp32s3-20210327
Build:Mar 27 2021
rst:0xc (RTC_SW_CPU_RST),boot:0x8 (SPI_FAST_FLASH_BOOT)
Saved PC:0x40375888
SPIWP:0xee
mode:DIO, clock div:1
load:0x3fce3810,len:0x171c
load:0x403c9700,len:0x4
load:0x403c9704,len:0xc20
load:0x403cc700,len:0x2f94
entry 0x403c9910
[0;32mI (31) boot: ESP-IDF v5.2-dev-2383-g82cceabc6e 2nd stage bootloader[0m
[0;32mI (31) boot: compile time Sep 12 2023 18:18:32[0m
[0;32mI (32) boot: Multicore bootloader[0m
[0;32mI (36) boot: chip revision: v0.1[0m
[0;32mI (40) boot.esp32s3: Boot SPI Speed : 80MHz[0m
[0;32mI (45) boot.esp32s3: SPI Mode       : DIO[0m
[0;32mI (49) boot.esp32s3: SPI Flash Size : 2MB[0m
[0;32mI (54) boot: Enabling RNG early entropy source...[0m
[0;32mI (60) boot: Partition Table:[0m
[0;32mI (63) boot: ## Label            Usage          Type ST Offset   Length[0m
[0;32mI (70) boot:  0 nvs              WiFi data        01 02 00009000 00006000[0m
[0;32mI (78) boot:  1 phy_init         RF data          01 01 0000f000 00001000[0m
[0;32mI (85) boot:  2 factory          factory app      00 00 00010000 00100000[0m
[0;32mI (93) boot: End of partition table[0m
[0;32mI (97) esp_image: segment 0: paddr=00010020 vaddr=3c050020 size=1e428h (123944) map[0m
[0;32mI (128) esp_image: segment 1: paddr=0002e450 vaddr=3fc93200 size=01bc8h (  7112) load[0m
[0;32mI (130) esp_image: segment 2: paddr=00030020 vaddr=42000020 size=4c7a0h (313248) map[0m
[0;32mI (190) esp_image: segment 3: paddr=0007c7c8 vaddr=3fc94dc8 size=00ed8h (  3800) load[0m
[0;32mI (191) esp_image: segment 4: paddr=0007d6a8 vaddr=40374000 size=0f184h ( 61828) load[0m
[0;32mI (215) boot: Loaded app from partition at offset 0x10000[0m
[0;32mI (215) boot: Disabling RNG early entropy source...[0m
[0;32mI (227) cpu_start: Multicore app[0m
[0;32mI (227) cpu_start: Pro cpu up.[0m
[0;32mI (227) cpu_start: Starting app cpu, entry point is 0x40375294[0m
[0;32mI (206) cpu_start: App cpu up.[0m
[0;32mI (246) cpu_start: Pro cpu start user code[0m
[0;32mI (246) cpu_start: cpu freq: 160000000 Hz[0m
[0;32mI (246) cpu_start: Application information:[0m
[0;32mI (249) cpu_start: Project name:     scanchain[0m
[0;32mI (254) cpu_start: App version:      4812529-dirty[0m
[0;32mI (259) cpu_start: Compile time:     Sep 12 2023 18:18:10[0m
[0;32mI (265) cpu_start: ELF file SHA256:  a83c534f5...[0m
[0;32mI (271) cpu_start: ESP-IDF:          v5.2-dev-2383-g82cceabc6e[0m
[0;32mI (277) cpu_start: Min chip rev:     v0.0[0m
[0;32mI (282) cpu_start: Max chip rev:     v0.99 [0m
[0;32mI (287) cpu_start: Chip rev:         v0.1[0m
[0;32mI (292) heap_init: Initializing. RAM available for dynamic allocation:[0m
[0;32mI (299) heap_init: At 3FC97C28 len 00051AE8 (326 KiB): DRAM[0m
[0;32mI (305) heap_init: At 3FCE9710 len 00005724 (21 KiB): STACK/DRAM[0m
[0;32mI (312) heap_init: At 3FCF0000 len 00008000 (32 KiB): DRAM[0m
[0;32mI (318) heap_init: At 600FE010 len 00001FD8 (7 KiB): RTCRAM[0m
[0;32mI (325) spi_flash: detected chip: gd[0m
[0;32mI (328) spi_flash: flash io: dio[0m
[0;33mW (332) spi_flash: Detected size(8192k) larger than the size in the binary image header(2048k). Using the size in the binary image header.[0m
[0;32mI (347) sleep: Configure to isolate all GPIO pins in sleep state[0m
[0;32mI (352) sleep: Enable automatic switching of GPIO sleep configuration[0m
[0;32mI (359) app_start: Starting scheduler on CPU0[0m
[0;32mI (364) app_start: Starting scheduler on CPU1[0m
[0;32mI (364) main_task: Started on CPU0[0m
[0;32mI (374) main_task: Calling app_main()[0m
[0;31mE (374) spi_master: check_trans_valid(777): rxdata transfer > host maximum[0m

assert failed: void CPPSPI::Spi::sendNBitData(int*, uint8_t) cppspi.cpp:193 (ret == ESP_OK)


Backtrace: 0x40375976:0x3fc9b660 0x4037a5e5:0x3fc9b680 0x40380e41:0x3fc9b6a0 0x4200910a:0x3fc9b7c0 0x42008f1a:0x3fc9b7f0 0x4204b8ff:0x3fc9b840 0x4037cd21:0x3fc9b870




ELF file SHA256: a83c534f5

Rebooting...
ï¿½ï¿½ï¿½ESP-ROM:esp32s3-20210327
Build:Mar 27 2021
rst:0xc (RTC_SW_CPU_RST),boot:0x8 (SPI_FAST_FLASH_BOOT)
Saved PC:0x40375888
SPIWP:0xee
mode:DIO, clock div:1
load:0x3fce3810,len:0x171c
load:0x403c9700,len:0x4
load:0x403c9704,len:0xc20
load:0x403cc700,len:0x2f94
entry 0x403c9910
[0;32mI (31) boot: ESP-IDF v5.2-dev-2383-g82cceabc6e 2nd stage bootloader[0m
[0;32mI (31) boot: compile time Sep 12 2023 18:18:32[0m
[0;32mI (32) boot: Multicore bootloader[0m
[0;32mI (36) boot: chip revision: v0.1[0m
[0;32mI (40) boot.esp32s3: Boot SPI Speed : 80MHz[0m
[0;32mI (45) boot.esp32s3: SPI Mode       : DIO[0m
[0;32mI (49) boot.esp32s3: SPI Flash Size : 2MB[0m
[0;32mI (54) boot: Enabling RNG early entropy source...[0m
[0;32mI (60) boot: Partition Table:[0m
[0;32mI (63) boot: ## Label            Usage          Type ST Offset   Length[0m
[0;32mI (70) boot:  0 nvs              WiFi data        01 02 00009000 00006000[0m
[0;32mI (78) boot:  1 phy_init         RF data          01 01 0000f000 00001000[0m
[0;32mI (85) boot:  2 factory          factory app      00 00 00010000 00100000[0m
[0;32mI (93) boot: End of partition table[0m
[0;32mI (97) esp_image: segment 0: paddr=00010020 vaddr=3c050020 size=1e428h (123944) map[0m
[0;32mI (128) esp_image: segment 1: paddr=0002e450 vaddr=3fc93200 size=01bc8h (  7112) load[0m
[0;32mI (130) esp_image: segment 2: paddr=00030020 vaddr=42000020 size=4c7a0h (313248) map[0m
[0;32mI (190) esp_image: segment 3: paddr=0007c7c8 vaddr=3fc94dc8 size=00ed8h (  3800) load[0m
[0;32mI (191) esp_image: segment 4: paddr=0007d6a8 vaddr=40374000 size=0f184h ( 61828) load[0m
[0;32mI (215) boot: Loaded app from partition at offset 0x10000[0m
[0;32mI (215) boot: Disabling RNG early entropy source...[0m
[0;32mI (227) cpu_start: Multicore app[0m
[0;32mI (227) cpu_start: Pro cpu up.[0m
[0;32mI (227) cpu_start: Starting app cpu, entry point is 0x40375294[0m
[0;32mI (206) cpu_start: App cpu up.[0m
[0;32mI (246) cpu_start: Pro cpu start user code[0m
[0;32mI (246) cpu_start: cpu freq: 160000000 Hz[0m
[0;32mI (246) cpu_start: Application information:[0m
[0;32mI (249) cpu_start: Project name:     scanchain[0m
[0;32mI (254) cpu_start: App version:      4812529-dirty[0m
[0;32mI (259) cpu_start: Compile time:     Sep 12 2023 18:18:10[0m
[0;32mI (265) cpu_start: ELF file SHA256:  a83c534f5...[0m
[0;32mI (271) cpu_start: ESP-IDF:          v5.2-dev-2383-g82cceabc6e[0m
[0;32mI (277) cpu_start: Min chip rev:     v0.0[0m
[0;32mI (282) cpu_start: Max chip rev:     v0.99 [0m
[0;32mI (287) cpu_start: Chip rev:         v0.1[0m
[0;32mI (292) heap_init: Initializing. RAM available for dynamic allocation:[0m
[0;32mI (299) heap_init: At 3FC97C28 len 00051AE8 (326 KiB): DRAM[0m
[0;32mI (305) heap_init: At 3FCE9710 len 00005724 (21 KiB): STACK/DRAM[0m
[0;32mI (312) heap_init: At 3FCF0000 len 00008000 (32 KiB): DRAM[0m
[0;32mI (318) heap_init: At 600FE010 len 00001FD8 (7 KiB): RTCRAM[0m
[0;32mI (325) spi_flash: detected chip: gd[0m
[0;32mI (328) spi_flash: flash io: dio[0m
[0;33mW (332) spi_flash: Detected size(8192k) larger than the size in the binary image header(2048k). Using the size in the binary image header.[0m
[0;32mI (347) sleep: Configure to isolate all GPIO pins in sleep state[0m
[0;32mI (352) sleep: Enable automatic switching of GPIO sleep configuration[0m
[0;32mI (359) app_start: Starting scheduler on CPU0[0m
[0;32mI (364) app_start: Starting scheduler on CPU1[0m
[0;32mI (364) main_task: Started on CPU0[0m
[0;32mI (374) main_task: Calling app_main()[0m
[0;31mE (374) spi_master: check_trans_valid(777): rxdata transfer > host maximum[0m

assert failed: void CPPSPI::Spi::sendNBitData(int*, uint8_t) cppspi.cpp:193 (ret == ESP_OK)


Backtrace: 0x40375976:0x3fc9b660 0x4037a5e5:0x3fc9b680 0x40380e41:0x3fc9b6a0 0x4200910a:0x3fc9b7c0 0x42008f1a:0x3fc9b7f0 0x4204b8ff:0x3fc9b840 0x4037cd21:0x3fc9b870




ELF file SHA256: a83c534f5

Rebooting...
ï¿½ï¿½ï¿½ESP-ROM:esp32s3-20210327
Build:Mar 27 2021
rst:0xc (RTC_SW_CPU_RST),boot:0x8 (SPI_FAST_FLASH_BOOT)
Saved PC:0x40375888
SPIWP:0xee
mode:DIO, clock div:1
load:0x3fce3810,len:0x171c
load:0x403c9700,len:0x4
load:0x403c9704,len:0xc20
load:0x403cc700,len:0x2f94
entry 0x403c9910
[0;32mI (31) boot: ESP-IDF v5.2-dev-2383-g82cceabc6e 2nd stage bootloader[0m
[0;32mI (31) boot: compile time Sep 12 2023 18:18:32[0m
[0;32mI (32) boot: Multicore bootloader[0m
[0;32mI (36) boot: chip revision: v0.1[0m
[0;32mI (40) boot.esp32s3: Boot SPI Speed : 80MHz[0m
[0;32mI (45) boot.esp32s3: SPI Mode       : DIO[0m
[0;32mI (49) boot.esp32s3: SPI Flash Size : 2MB[0m
[0;32mI (54) boot: Enabling RNG early entropy source...[0m
[0;32mI (60) boot: Partition Table:[0m
[0;32mI (63) boot: ## Label            Usage          Type ST Offset   Length[0m
[0;32mI (70) boot:  0 nvs              WiFi data        01 02 00009000 00006000[0m
[0;32mI (78) boot:  1 phy_init         RF data          01 01 0000f000 00001000[0m
[0;32mI (85) boot:  2 factory          factory app      00 00 00010000 00100000[0m
[0;32mI (93) boot: End of partition table[0m
[0;32mI (97) esp_image: segment 0: paddr=00010020 vaddr=3c050020 size=1e428h (123944) map[0m
[0;32mI (128) esp_image: segment 1: paddr=0002e450 vaddr=3fc93200 size=01bc8h (  7112) load[0m
[0;32mI (130) esp_image: segment 2: paddr=00030020 vaddr=42000020 size=4c7a0h (313248) map[0m
[0;32mI (190) esp_image: segment 3: paddr=0007c7c8 vaddr=3fc94dc8 size=00ed8h (  3800) load[0m
[0;32mI (191) esp_image: segment 4: paddr=0007d6a8 vaddr=40374000 size=0f184h ( 61828) load[0m
[0;32mI (215) boot: Loaded app from partition at offset 0x10000[0m
[0;32mI (215) boot: Disabling RNG early entropy source...[0m
[0;32mI (227) cpu_start: Multicore app[0m
[0;32mI (227) cpu_start: Pro cpu up.[0m
[0;32mI (227) cpu_start: Starting app cpu, entry point is 0x40375294[0m
[0;32mI (206) cpu_start: App cpu up.[0m
[0;32mI (246) cpu_start: Pro cpu start user code[0m
[0;32mI (246) cpu_start: cpu freq: 160000000 Hz[0m
[0;32mI (246) cpu_start: Application information:[0m
[0;32mI (249) cpu_start: Project name:     scanchain[0m
[0;32mI (254) cpu_start: App version:      4812529-dirty[0m
[0;32mI (259) cpu_start: Compile time:     Sep 12 2023 18:18:10[0m
[0;32mI (265) cpu_start: ELF file SHA256:  a83c534f5...[0m
[0;32mI (271) cpu_start: ESP-IDF:          v5.2-dev-2383-g82cceabc6e[0m
[0;32mI (277) cpu_start: Min chip rev:     v0.0[0m
[0;32mI (282) cpu_start: Max chip rev:     v0.99 [0m
[0;32mI (287) cpu_start: Chip rev:         v0.1[0m
[0;32mI (292) heap_init: Initializing. RAM available for dynamic allocation:[0m
[0;32mI (299) heap_init: At 3FC97C28 len 00051AE8 (326 KiB): DRAM[0m
[0;32mI (305) heap_init: At 3FCE9710 len 00005724 (21 KiB): STACK/DRAM[0m
[0;32mI (312) heap_init: At 3FCF0000 len 00008000 (32 KiB): DRAM[0m
[0;32mI (318) heap_init: At 600FE010 len 00001FD8 (7 KiB): RTCRAM[0m
[0;32mI (325) spi_flash: detected chip: gd[0m
[0;32mI (328) spi_flash: flash io: dio[0m
[0;33mW (332) spi_flash: Detected size(8192k) larger than the size in the binary image header(2048k). Using the size in the binary image header.[0m
[0;32mI (347) sleep: Configure to isolate all GPIO pins in sleep state[0m
[0;32mI (352) sleep: Enable automatic switching of GPIO sleep configuration[0m
[0;32mI (359) app_start: Starting scheduler on CPU0[0m
[0;32mI (364) app_start: Starting scheduler on CPU1[0m
[0;32mI (364) main_task: Started on CPU0[0m
[0;32mI (374) main_task: Calling app_main()[0m
[0;31mE (374) spi_master: check_trans_valid(777): rxdata transfer > host maximum[0m

assert failed: void CPPSPI::Spi::sendNBitData(int*, uint8_t) cppspi.cpp:193 (ret == ESP_OK)


Backtrace: 0x40375976:0x3fc9b660 0x4037a5e5:0x3fc9b680 0x40380e41:0x3fc9b6a0 0x4200910a:0x3fc9b7c0 0x42008f1a:0x3fc9b7f0 0x4204b8ff:0x3fc9b840 0x4037cd21:0x3fc9b870




ELF file SHA256: a83c534f5

Rebooting...
ï¿½ï¿½ï¿½ESP-ROM:esp32s3-20210327
Build:Mar 27 2021
rst:0xc (RTC_SW_CPU_RST),boot:0x8 (SPI_FAST_FLASH_BOOT)
Saved PC:0x40375888
SPIWP:0xee
mode:DIO, clock div:1
load:0x3fce3810,len:0x171c
load:0x403c9700,len:0x4
load:0x403c9704,len:0xc20
load:0x403cc700,len:0x2f94
entry 0x403c9910
[0;32mI (31) boot: ESP-IDF v5.2-dev-2383-g82cceabc6e 2nd stage bootloader[0m
[0;32mI (31) boot: compile time Sep 12 2023 18:18:32[0m
[0;32mI (32) boot: Multicore bootloader[0m
[0;32mI (36) boot: chip revision: v0.1[0m
[0;32mI (40) boot.esp32s3: Boot SPI Speed : 80MHz[0m
[0;32mI (45) boot.esp32s3: SPI Mode       : DIO[0m
[0;32mI (49) boot.esp32s3: SPI Flash Size : 2MB[0m
[0;32mI (54) boot: Enabling RNG early entropy source...[0m
[0;32mI (60) boot: Partition Table:[0m
[0;32mI (63) boot: ## Label            Usage          Type ST Offset   Length[0m
[0;32mI (70) boot:  0 nvs              WiFi data        01 02 00009000 00006000[0m
[0;32mI (78) boot:  1 phy_init         RF data          01 01 0000f000 00001000[0m
[0;32mI (85) boot:  2 factory          factory app      00 00 00010000 00100000[0m
[0;32mI (93) boot: End of partition table[0m
[0;32mI (97) esp_image: segment 0: paddr=00010020 vaddr=3c050020 size=1e428h (123944) map[0m
[0;32mI (128) esp_image: segment 1: paddr=0002e450 vaddr=3fc93200 size=01bc8h (  7112) load[0m
[0;32mI (130) esp_image: segment 2: paddr=00030020 vaddr=42000020 size=4c7a0h (313248) map[0m
[0;32mI (190) esp_image: segment 3: paddr=0007c7c8 vaddr=3fc94dc8 size=00ed8h (  3800) load[0m
[0;32mI (191) esp_image: segment 4: paddr=0007d6a8 vaddr=40374000 size=0f184h ( 61828) load[0m
[0;32mI (215) boot: Loaded app from partition at offset 0x10000[0m
[0;32mI (215) boot: Disabling RNG early entropy source...[0m
[0;32mI (227) cpu_start: Multicore app[0m
[0;32mI (227) cpu_start: Pro cpu up.[0m
[0;32mI (227) cpu_start: Starting app cpu, entry point is 0x40375294[0m
[0;32mI (206) cpu_start: App cpu up.[0m
[0;32mI (246) cpu_start: Pro cpu start user code[0m
[0;32mI (246) cpu_start: cpu freq: 160000000 Hz[0m
[0;32mI (246) cpu_start: Application information:[0m
[0;32mI (249) cpu_start: Project name:     scanchain[0m
[0;32mI (254) cpu_start: App version:      4812529-dirty[0m
[0;32mI (259) cpu_start: Compile time:     Sep 12 2023 18:18:10[0m
[0;32mI (265) cpu_start: ELF file SHA256:  a83c534f5...[0m
[0;32mI (271) cpu_start: ESP-IDF:          v5.2-dev-2383-g82cceabc6e[0m
[0;32mI (277) cpu_start: Min chip rev:     v0.0[0m
[0;32mI (282) cpu_start: Max chip rev:     v0.99 [0m
[0;32mI (287) cpu_start: Chip rev:         v0.1[0m
[0;32mI (292) heap_init: Initializing. RAM available for dynamic allocation:[0m
[0;32mI (299) heap_init: At 3FC97C28 len 00051AE8 (326 KiB): DRAM[0m
[0;32mI (305) heap_init: At 3FCE9710 len 00005724 (21 KiB): STACK/DRAM[0m
[0;32mI (312) heap_init: At 3FCF0000 len 00008000 (32 KiB): DRAM[0m
[0;32mI (318) heap_init: At 600FE010 len 00001FD8 (7 KiB): RTCRAM[0m
[0;32mI (325) spi_flash: detected chip: gd[0m
[0;32mI (328) spi_flash: flash io: dio[0m
[0;33mW (332) spi_flash: Detected size(8192k) larger than the size in the binary image header(2048k). Using the size in the binary image header.[0m
[0;32mI (347) sleep: Configure to isolate all GPIO pins in sleep state[0m
[0;32mI (352) sleep: Enable automatic switching of GPIO sleep configuration[0m
[0;32mI (359) app_start: Starting scheduler on CPU0[0m
[0;32mI (364) app_start: Starting scheduler on CPU1[0m
[0;32mI (364) main_task: Started on CPU0[0m
[0;32mI (374) main_task: Calling app_main()[0m
[0;31mE (374) spi_master: check_trans_valid(777): rxdata transfer > host maximum[0m

assert failed: void CPPSPI::Spi::sendNBitData(int*, uint8_t) cppspi.cpp:193 (ret == ESP_OK)


Backtrace: 0x40375976:0x3fc9b660 0x4037a5e5:0x3fc9b680 0x40380e41:0x3fc9b6a0 0x4200910a:0x3fc9b7c0 0x42008f1a:0x3fc9b7f0 0x4204b8ff:0x3fc9b840 0x4037cd21:0x3fc9b870




ELF file SHA256: a83c534f5

Rebooting...
ï¿½ï¿½ï¿½ESP-ROM:esp32s3-20210327
Build:Mar 27 2021
rst:0xc (RTC_SW_CPU_RST),boot:0x8 (SPI_FAST_FLASH_BOOT)
Saved PC:0x40375888
SPIWP:0xee
mode:DIO, clock div:1
load:0x3fce3810,len:0x171c
load:0x403c9700,len:0x4
load:0x403c9704,len:0xc20
load:0x403cc700,len:0x2f94
entry 0x403c9910
[0;32mI (31) boot: ESP-IDF v5.2-dev-2383-g82cceabc6e 2nd stage bootloader[0m
[0;32mI (31) boot: compile time Sep 12 2023 18:18:32[0m
[0;32mI (32) boot: Multicore bootloader[0m
[0;32mI (36) boot: chip revision: v0.1[0m
[0;32mI (40) boot.esp32s3: Boot SPI Speed : 80MHz[0m
[0;32mI (45) boot.esp32s3: SPI Mode       : DIO[0m
[0;32mI (49) boot.esp32s3: SPI Flash Size : 2MB[0m
[0;32mI (54) boot: Enabling RNG early entropy source...[0m
[0;32mI (60) boot: Partition Table:[0m
[0;32mI (63) boot: ## Label            Usage          Type ST Offset   Length[0m
[0;32mI (70) boot:  0 nvs              WiFi data        01 02 00009000 00006000[0m
[0;32mI (78) boot:  1 phy_init         RF data          01 01 0000f000 00001000[0m
[0;32mI (85) boot:  2 factory          factory app      00 00 00010000 00100000[0m
[0;32mI (93) boot: End of partition table[0m
[0;32mI (97) esp_image: segment 0: paddr=00010020 vaddr=3c050020 size=1e428h (123944) map[0m
[0;32mI (128) esp_image: segment 1: paddr=0002e450 vaddr=3fc93200 size=01bc8h (  7112) load[0m
[0;32mI (130) esp_image: segment 2: paddr=00030020 vaddr=42000020 size=4c7a0h (313248) map[0m
[0;32mI (190) esp_image: segment 3: paddr=0007c7c8 vaddr=3fc94dc8 size=00ed8h (  3800) load[0m
[0;32mI (191) esp_image: segment 4: paddr=0007d6a8 vaddr=40374000 size=0f184h ( 61828) load[0m
[0;32mI (215) boot: Loaded app from partition at offset 0x10000[0m
[0;32mI (215) boot: Disabling RNG early entropy source...[0m
[0;32mI (227) cpu_start: Multicore app[0m
[0;32mI (227) cpu_start: Pro cpu up.[0m
[0;32mI (227) cpu_start: Starting app cpu, entry point is 0x40375294[0m
[0;32mI (206) cpu_start: App cpu up.[0m
[0;32mI (246) cpu_start: Pro cpu start user code[0m
[0;32mI (246) cpu_start: cpu freq: 160000000 Hz[0m
[0;32mI (246) cpu_start: Application information:[0m
[0;32mI (249) cpu_start: Project name:     scanchain[0m
[0;32mI (254) cpu_start: App version:      4812529-dirty[0m
[0;32mI (259) cpu_start: Compile time:     Sep 12 2023 18:18:10[0m
[0;32mI (265) cpu_start: ELF file SHA256:  a83c534f5...[0m
[0;32mI (271) cpu_start: ESP-IDF:          v5.2-dev-2383-g82cceabc6e[0m
[0;32mI (277) cpu_start: Min chip rev:     v0.0[0m
[0;32mI (282) cpu_start: Max chip rev:     v0.99 [0m
[0;32mI (287) cpu_start: Chip rev:         v0.1[0m
[0;32mI (292) heap_init: Initializing. RAM available for dynamic allocation:[0m
[0;32mI (299) heap_init: At 3FC97C28 len 00051AE8 (326 KiB): DRAM[0m
[0;32mI (305) heap_init: At 3FCE9710 len 00005724 (21 KiB): STACK/DRAM[0m
[0;32mI (312) heap_init: At 3FCF0000 len 00008000 (32 KiB): DRAM[0m
[0;32mI (318) heap_init: At 600FE010 len 00001FD8 (7 KiB): RTCRAM[0m
[0;32mI (325) spi_flash: detected chip: gd[0m
[0;32mI (328) spi_flash: flash io: dio[0m
[0;33mW (332) spi_flash: Detected size(8192k) larger than the size in the binary image header(2048k). Using the size in the binary image header.[0m
[0;32mI (347) sleep: Configure to isolate all GPIO pins in sleep state[0m
[0;32mI (352) sleep: Enable automatic switching of GPIO sleep configuration[0m
[0;32mI (359) app_start: Starting scheduler on CPU0[0m
[0;32mI (364) app_start: Starting scheduler on CPU1[0m
[0;32mI (364) main_task: Started on CPU0[0m
[0;32mI (374) main_task: Calling app_main()[0m
[0;31mE (374) spi_master: check_trans_valid(777): rxdata transfer > host maximum[0m

assert failed: void CPPSPI::Spi::sendNBitData(int*, uint8_t) cppspi.cpp:193 (ret == ESP_OK)


Backtrace: 0x40375976:0x3fc9b660 0x4037a5e5:0x3fc9b680 0x40380e41:0x3fc9b6a0 0x4200910a:0x3fc9b7c0 0x42008f1a:0x3fc9b7f0 0x4204b8ff:0x3fc9b840 0x4037cd21:0x3fc9b870




ELF file SHA256: a83c534f5

Rebooting...
ï¿½ï¿½ï¿½ESP-ROM:esp32s3-20210327
Build:Mar 27 2021
rst:0xc (RTC_SW_CPU_RST),boot:0x8 (SPI_FAST_FLASH_BOOT)
Saved PC:0x40375888
SPIWP:0xee
mode:DIO, clock div:1
load:0x3fce3810,len:0x171c
load:0x403c9700,len:0x4
load:0x403c9704,len:0xc20
load:0x403cc700,len:0x2f94
entry 0x403c9910
[0;32mI (31) boot: ESP-IDF v5.2-dev-2383-g82cceabc6e 2nd stage bootloader[0m
[0;32mI (31) boot: compile time Sep 12 2023 18:18:32[0m
[0;32mI (32) boot: Multicore bootloader[0m
[0;32mI (36) boot: chip revision: v0.1[0m
[0;32mI (40) boot.esp32s3: Boot SPI Speed : 80MHz[0m
[0;32mI (45) boot.esp32s3: SPI Mode       : DIO[0m
[0;32mI (49) boot.esp32s3: SPI Flash Size : 2MB[0m
[0;32mI (54) boot: Enabling RNG early entropy source...[0m
[0;32mI (60) boot: Partition Table:[0m
[0;32mI (63) boot: ## Label            Usage          Type ST Offset   Length[0m
[0;32mI (70) boot:  0 nvs              WiFi data        01 02 00009000 00006000[0m
[0;32mI (78) boot:  1 phy_init         RF data          01 01 0000f000 00001000[0m
[0;32mI (85) boot:  2 factory          factory app      00 00 00010000 00100000[0m
[0;32mI (93) boot: End of partition table[0m
[0;32mI (97) esp_image: segment 0: paddr=00010020 vaddr=3c050020 size=1e428h (123944) map[0m
[0;32mI (128) esp_image: segment 1: paddr=0002e450 vaddr=3fc93200 size=01bc8h (  7112) load[0m
[0;32mI (130) esp_image: segment 2: paddr=00030020 vaddr=42000020 size=4c7a0h (313248) map[0m
[0;32mI (190) esp_image: segment 3: paddr=0007c7c8 vaddr=3fc94dc8 size=00ed8h (  3800) load[0m
[0;32mI (191) esp_image: segment 4: paddr=0007d6a8 vaddr=40374000 size=0f184h ( 61828) load[0m
[0;32mI (215) boot: Loaded app from partition at offset 0x10000[0m
[0;32mI (215) boot: Disabling RNG early entropy source...[0m
[0;32mI (227) cpu_start: Multicore app[0m
[0;32mI (227) cpu_start: Pro cpu up.[0m
[0;32mI (227) cpu_start: Starting app cpu, entry point is 0x40375294[0m
[0;32mI (206) cpu_start: App cpu up.[0m
[0;32mI (246) cpu_start: Pro cpu start user code[0m
[0;32mI (246) cpu_start: cpu freq: 160000000 Hz[0m
[0;32mI (246) cpu_start: Application information:[0m
[0;32mI (249) cpu_start: Project name:     scanchain[0m
[0;32mI (254) cpu_start: App version:      4812529-dirty[0m
[0;32mI (259) cpu_start: Compile time:     Sep 12 2023 18:18:10[0m
[0;32mI (265) cpu_start: ELF file SHA256:  a83c534f5...[0m
[0;32mI (271) cpu_start: ESP-IDF:          v5.2-dev-2383-g82cceabc6e[0m
[0;32mI (277) cpu_start: Min chip rev:     v0.0[0m
[0;32mI (282) cpu_start: Max chip rev:     v0.99 [0m
[0;32mI (287) cpu_start: Chip rev:         v0.1[0m
[0;32mI (292) heap_init: Initializing. RAM available for dynamic allocation:[0m
[0;32mI (299) heap_init: At 3FC97C28 len 00051AE8 (326 KiB): DRAM[0m
[0;32mI (305) heap_init: At 3FCE9710 len 00005724 (21 KiB): STACK/DRAM[0m
[0;32mI (312) heap_init: At 3FCF0000 len 00008000 (32 KiB): DRAM[0m
[0;32mI (318) heap_init: At 600FE010 len 00001FD8 (7 KiB): RTCRAM[0m
[0;32mI (325) spi_flash: detected chip: gd[0m
[0;32mI (328) spi_flash: flash io: dio[0m
[0;33mW (332) spi_flash: Detected size(8192k) larger than the size in the binary image header(2048k). Using the size in the binary image header.[0m
[0;32mI (347) sleep: Configure to isolate all GPIO pins in sleep state[0m
[0;32mI (352) sleep: Enable automatic switching of GPIO sleep configuration[0m
[0;32mI (359) app_start: Starting scheduler on CPU0[0m
[0;32mI (364) app_start: Starting scheduler on CPU1[0m
[0;32mI (364) main_task: Started on CPU0[0m
[0;32mI (374) main_task: Calling app_main()[0m
[0;31mE (374) spi_master: check_trans_valid(777): rxdata transfer > host maximum[0m

assert failed: void CPPSPI::Spi::sendNBitData(int*, uint8_t) cppspi.cpp:193 (ret == ESP_OK)


Backtrace: 0x40375976:0x3fc9b660 0x4037a5e5:0x3fc9b680 0x40380e41:0x3fc9b6a0 0x4200910a:0x3fc9b7c0 0x42008f1a:0x3fc9b7f0 0x4204b8ff:0x3fc9b840 0x4037cd21:0x3fc9b870




ELF file SHA256: a83c534f5

Rebooting...
ï¿½ï¿½ï¿½ESP-ROM:esp32s3-20210327
Build:Mar 27 2021
rst:0xc (RTC_SW_CPU_RST),boot:0x8 (SPI_FAST_FLASH_BOOT)
Saved PC:0x40375888
SPIWP:0xee
mode:DIO, clock div:1
load:0x3fce3810,len:0x171c
load:0x403c9700,len:0x4
load:0x403c9704,len:0xc20
load:0x403cc700,len:0x2f94
entry 0x403c9910
[0;32mI (31) boot: ESP-IDF v5.2-dev-2383-g82cceabc6e 2nd stage bootloader[0m
[0;32mI (31) boot: compile time Sep 12 2023 18:18:32[0m
[0;32mI (32) boot: Multicore bootloader[0m
[0;32mI (36) boot: chip revision: v0.1[0m
[0;32mI (40) boot.esp32s3: Boot SPI Speed : 80MHz[0m
[0;32mI (45) boot.esp32s3: SPI Mode       : DIO[0m
[0;32mI (49) boot.esp32s3: SPI Flash Size : 2MB[0m
[0;32mI (54) boot: Enabling RNG early entropy source...[0m
[0;32mI (60) boot: Partition Table:[0m
[0;32mI (63) boot: ## Label            Usage          Type ST Offset   Length[0m
[0;32mI (70) boot:  0 nvs              WiFi data        01 02 00009000 00006000[0m
[0;32mI (78) boot:  1 phy_init         RF data          01 01 0000f000 00001000[0m
[0;32mI (85) boot:  2 factory          factory app      00 00 00010000 00100000[0m
[0;32mI (93) boot: End of partition table[0m
[0;32mI (97) esp_image: segment 0: paddr=00010020 vaddr=3c050020 size=1e428h (123944) map[0m
[0;32mI (128) esp_image: segment 1: paddr=0002e450 vaddr=3fc93200 size=01bc8h (  7112) load[0m
[0;32mI (130) esp_image: segment 2: paddr=00030020 vaddr=42000020 size=4c7a0h (313248) map[0m
[0;32mI (190) esp_image: segment 3: paddr=0007c7c8 vaddr=3fc94dc8 size=00ed8h (  3800) load[0m
[0;32mI (191) esp_image: segment 4: paddr=0007d6a8 vaddr=40374000 size=0f184h ( 61828) load[0m
[0;32mI (215) boot: Loaded app from partition at offset 0x10000[0m
[0;32mI (215) boot: Disabling RNG early entropy source...[0m
[0;32mI (227) cpu_start: Multicore app[0m
[0;32mI (227) cpu_start: Pro cpu up.[0m
[0;32mI (227) cpu_start: Starting app cpu, entry point is 0x40375294[0m
[0;32mI (206) cpu_start: App cpu up.[0m
[0;32mI (246) cpu_start: Pro cpu start user code[0m
[0;32mI (246) cpu_start: cpu freq: 160000000 Hz[0m
[0;32mI (246) cpu_start: Application information:[0m
[0;32mI (249) cpu_start: Project name:     scanchain[0m
[0;32mI (254) cpu_start: App version:      4812529-dirty[0m
[0;32mI (259) cpu_start: Compile time:     Sep 12 2023 18:18:10[0m
[0;32mI (265) cpu_start: ELF file SHA256:  a83c534f5...[0m
[0;32mI (271) cpu_start: ESP-IDF:          v5.2-dev-2383-g82cceabc6e[0m
[0;32mI (277) cpu_start: Min chip rev:     v0.0[0m
[0;32mI (282) cpu_start: Max chip rev:     v0.99 [0m
[0;32mI (287) cpu_start: Chip rev:         v0.1[0m
[0;32mI (292) heap_init: Initializing. RAM available for dynamic allocation:[0m
[0;32mI (299) heap_init: At 3FC97C28 len 00051AE8 (326 KiB): DRAM[0m
[0;32mI (305) heap_init: At 3FCE9710 len 00005724 (21 KiB): STACK/DRAM[0m
[0;32mI (312) heap_init: At 3FCF0000 len 00008000 (32 KiB): DRAM[0m
[0;32mI (318) heap_init: At 600FE010 len 00001FD8 (7 KiB): RTCRAM[0m
[0;32mI (325) spi_flash: detected chip: gd[0m
[0;32mI (328) spi_flash: flash io: dio[0m
[0;33mW (332) spi_flash: Detected size(8192k) larger than the size in the binary image header(2048k). Using the size in the binary image header.[0m
[0;32mI (347) sleep: Configure to isolate all GPIO pins in sleep state[0m
[0;32mI (352) sleep: Enable automatic switching of GPIO sleep configuration[0m
[0;32mI (359) app_start: Starting scheduler on CPU0[0m
[0;32mI (364) app_start: Starting scheduler on CPU1[0m
[0;32mI (364) main_task: Started on CPU0[0m
[0;32mI (374) main_task: Calling app_main()[0m
[0;31mE (374) spi_master: check_trans_valid(777): rxdata transfer > host maximum[0m

assert failed: void CPPSPI::Spi::sendNBitData(int*, uint8_t) cppspi.cpp:193 (ret == ESP_OK)


Backtrace: 0x40375976:0x3fc9b660 0x4037a5e5:0x3fc9b680 0x40380e41:0x3fc9b6a0 0x4200910a:0x3fc9b7c0 0x42008f1a:0x3fc9b7f0 0x4204b8ff:0x3fc9b840 0x4037cd21:0x3fc9b870




ELF file SHA256: a83c534f5

Rebooting...
ï¿½ï¿½ï¿½ESP-ROM:esp32s3-20210327
Build:Mar 27 2021
rst:0xc (RTC_SW_CPU_RST),boot:0x8 (SPI_FAST_FLASH_BOOT)
Saved PC:0x40375888
SPIWP:0xee
mode:DIO, clock div:1
load:0x3fce3810,len:0x171c
load:0x403c9700,len:0x4
load:0x403c9704,len:0xc20
load:0x403cc700,len:0x2f94
entry 0x403c9910
[0;32mI (31) boot: ESP-IDF v5.2-dev-2383-g82cceabc6e 2nd stage bootloader[0m
[0;32mI (31) boot: compile time Sep 12 2023 18:18:32[0m
[0;32mI (32) boot: Multicore bootloader[0m
[0;32mI (36) boot: chip revision: v0.1[0m
[0;32mI (40) boot.esp32s3: Boot SPI Speed : 80MHz[0m
[0;32mI (45) boot.esp32s3: SPI Mode       : DIO[0m
[0;32mI (49) boot.esp32s3: SPI Flash Size : 2MB[0m
[0;32mI (54) boot: Enabling RNG early entropy source...[0m
[0;32mI (60) boot: Partition Table:[0m
[0;32mI (63) boot: ## Label            Usage          Type ST Offset   Length[0m
[0;32mI (70) boot:  0 nvs              WiFi data        01 02 00009000 00006000[0m
[0;32mI (78) boot:  1 phy_init         RF data          01 01 0000f000 00001000[0m
[0;32mI (85) boot:  2 factory          factory app      00 00 00010000 00100000[0m
[0;32mI (93) boot: End of partition table[0m
[0;32mI (97) esp_image: segment 0: paddr=00010020 vaddr=3c050020 size=1e428h (123944) map[0m
[0;32mI (128) esp_image: segment 1: paddr=0002e450 vaddr=3fc93200 size=01bc8h (  7112) load[0m
[0;32mI (130) esp_image: segment 2: paddr=00030020 vaddr=42000020 size=4c7a0h (313248) map[0m
[0;32mI (190) esp_image: segment 3: paddr=0007c7c8 vaddr=3fc94dc8 size=00ed8h (  3800) load[0m
[0;32mI (191) esp_image: segment 4: paddr=0007d6a8 vaddr=40374000 size=0f184h ( 61828) load[0m
[0;32mI (215) boot: Loaded app from partition at offset 0x10000[0m
[0;32mI (215) boot: Disabling RNG early entropy source...[0m
[0;32mI (227) cpu_start: Multicore app[0m
[0;32mI (227) cpu_start: Pro cpu up.[0m
[0;32mI (227) cpu_start: Starting app cpu, entry point is 0x40375294[0m
[0;32mI (206) cpu_start: App cpu up.[0m
[0;32mI (246) cpu_start: Pro cpu start user code[0m
[0;32mI (246) cpu_start: cpu freq: 160000000 Hz[0m
[0;32mI (246) cpu_start: Application information:[0m
[0;32mI (249) cpu_start: Project name:     scanchain[0m
[0;32mI (254) cpu_start: App version:      4812529-dirty[0m
[0;32mI (259) cpu_start: Compile time:     Sep 12 2023 18:18:10[0m
[0;32mI (265) cpu_start: ELF file SHA256:  a83c534f5...[0m
[0;32mI (271) cpu_start: ESP-IDF:          v5.2-dev-2383-g82cceabc6e[0m
[0;32mI (277) cpu_start: Min chip rev:     v0.0[0m
[0;32mI (282) cpu_start: Max chip rev:     v0.99 [0m
[0;32mI (287) cpu_start: Chip rev:         v0.1[0m
[0;32mI (292) heap_init: Initializing. RAM available for dynamic allocation:[0m
[0;32mI (299) heap_init: At 3FC97C28 len 00051AE8 (326 KiB): DRAM[0m
[0;32mI (305) heap_init: At 3FCE9710 len 00005724 (21 KiB): STACK/DRAM[0m
[0;32mI (312) heap_init: At 3FCF0000 len 00008000 (32 KiB): DRAM[0m
[0;32mI (318) heap_init: At 600FE010 len 00001FD8 (7 KiB): RTCRAM[0m
[0;32mI (325) spi_flash: detected chip: gd[0m
[0;32mI (328) spi_flash: flash io: dio[0m
[0;33mW (332) spi_flash: Detected size(8192k) larger than the size in the binary image header(2048k). Using the size in the binary image header.[0m
[0;32mI (347) sleep: Configure to isolate all GPIO pins in sleep state[0m
[0;32mI (352) sleep: Enable automatic switching of GPIO sleep configuration[0m
[0;32mI (359) app_start: Starting scheduler on CPU0[0m
[0;32mI (364) app_start: Starting scheduler on CPU1[0m
[0;32mI (364) main_task: Started on CPU0[0m
[0;32mI (374) main_task: Calling app_main()[0m
[0;31mE (374) spi_master: check_trans_valid(777): rxdata transfer > host maximum[0m

assert failed: void CPPSPI::Spi::sendNBitData(int*, uint8_t) cppspi.cpp:193 (ret == ESP_OK)


Backtrace: 0x40375976:0x3fc9b660 0x4037a5e5:0x3fc9b680 0x40380e41:0x3fc9b6a0 0x4200910a:0x3fc9b7c0 0x42008f1a:0x3fc9b7f0 0x4204b8ff:0x3fc9b840 0x4037cd21:0x3fc9b870




ELF file SHA256: a83c534f5

Rebooting...
ï¿½ï¿½ï¿½ESP-ROM:esp32s3-20210327
Build:Mar 27 2021
rst:0xc (RTC_SW_CPU_RST),boot:0x8 (SPI_FAST_FLASH_BOOT)
Saved PC:0x40375888
SPIWP:0xee
mode:DIO, clock div:1
load:0x3fce3810,len:0x171c
load:0x403c9700,len:0x4
load:0x403c9704,len:0xc20
load:0x403cc700,len:0x2f94
entry 0x403c9910
[0;32mI (31) boot: ESP-IDF v5.2-dev-2383-g82cceabc6e 2nd stage bootloader[0m
[0;32mI (31) boot: compile time Sep 12 2023 18:18:32[0m
[0;32mI (32) boot: Multicore bootloader[0m
[0;32mI (36) boot: chip revision: v0.1[0m
[0;32mI (40) boot.esp32s3: Boot SPI Speed : 80MHz[0m
[0;32mI (45) boot.esp32s3: SPI Mode       : DIO[0m
[0;32mI (49) boot.esp32s3: SPI Flash Size : 2MB[0m
[0;32mI (54) boot: Enabling RNG early entropy source...[0m
[0;32mI (60) boot: Partition Table:[0m
[0;32mI (63) boot: ## Label            Usage          Type ST Offset   Length[0m
[0;32mI (70) boot:  0 nvs              WiFi data        01 02 00009000 00006000[0m
[0;32mI (78) boot:  1 phy_init         RF data          01 01 0000f000 00001000[0m
[0;32mI (85) boot:  2 factory          factory app      00 00 00010000 00100000[0m
[0;32mI (93) boot: End of partition table[0m
[0;32mI (97) esp_image: segment 0: paddr=00010020 vaddr=3c050020 size=1e428h (123944) map[0m
[0;32mI (128) esp_image: segment 1: paddr=0002e450 vaddr=3fc93200 size=01bc8h (  7112) load[0m
[0;32mI (130) esp_image: segment 2: paddr=00030020 vaddr=42000020 size=4c7a0h (313248) map[0m
[0;32mI (190) esp_image: segment 3: paddr=0007c7c8 vaddr=3fc94dc8 size=00ed8h (  3800) load[0m
[0;32mI (191) esp_image: segment 4: paddr=0007d6a8 vaddr=40374000 size=0f184h ( 61828) load[0m
[0;32mI (215) boot: Loaded app from partition at offset 0x10000[0m
[0;32mI (215) boot: Disabling RNG early entropy source...[0m
[0;32mI (227) cpu_start: Multicore app[0m
[0;32mI (227) cpu_start: Pro cpu up.[0m
[0;32mI (227) cpu_start: Starting app cpu, entry point is 0x40375294[0m
[0;32mI (206) cpu_start: App cpu up.[0m
[0;32mI (246) cpu_start: Pro cpu start user code[0m
[0;32mI (246) cpu_start: cpu freq: 160000000 Hz[0m
[0;32mI (246) cpu_start: Application information:[0m
[0;32mI (249) cpu_start: Project name:     scanchain[0m
[0;32mI (254) cpu_start: App version:      4812529-dirty[0m
[0;32mI (259) cpu_start: Compile time:     Sep 12 2023 18:18:10[0m
[0;32mI (265) cpu_start: ELF file SHA256:  a83c534f5...[0m
[0;32mI (271) cpu_start: ESP-IDF:          v5.2-dev-2383-g82cceabc6e[0m
[0;32mI (277) cpu_start: Min chip rev:     v0.0[0m
[0;32mI (282) cpu_start: Max chip rev:     v0.99 [0m
[0;32mI (287) cpu_start: Chip rev:         v0.1[0m
[0;32mI (292) heap_init: Initializing. RAM available for dynamic allocation:[0m
[0;32mI (299) heap_init: At 3FC97C28 len 00051AE8 (326 KiB): DRAM[0m
[0;32mI (305) heap_init: At 3FCE9710 len 00005724 (21 KiB): STACK/DRAM[0m
[0;32mI (312) heap_init: At 3FCF0000 len 00008000 (32 KiB): DRAM[0m
[0;32mI (318) heap_init: At 600FE010 len 00001FD8 (7 KiB): RTCRAM[0m
[0;32mI (325) spi_flash: detected chip: gd[0m
[0;32mI (328) spi_flash: flash io: dio[0m
[0;33mW (332) spi_flash: Detected size(8192k) larger than the size in the binary image header(2048k). Using the size in the binary image header.[0m
[0;32mI (347) sleep: Configure to isolate all GPIO pins in sleep state[0m
[0;32mI (352) sleep: Enable automatic switching of GPIO sleep configuration[0m
[0;32mI (359) app_start: Starting scheduler on CPU0[0m
[0;32mI (364) app_start: Starting scheduler on CPU1[0m
[0;32mI (364) main_task: Started on CPU0[0m
[0;32mI (374) main_task: Calling app_main()[0m
[0;31mE (374) spi_master: check_trans_valid(777): rxdata transfer > host maximum[0m

assert failed: void CPPSPI::Spi::sendNBitData(int*, uint8_t) cppspi.cpp:193 (ret == ESP_OK)


Backtrace: 0x40375976:0x3fc9b660 0x4037a5e5:0x3fc9b680 0x40380e41:0x3fc9b6a0 0x4200910a:0x3fc9b7c0 0x42008f1a:0x3fc9b7f0 0x4204b8ff:0x3fc9b840 0x4037cd21:0x3fc9b870




ELF file SHA256: a83c534f5

Rebooting...
ï¿½ï¿½ï¿½ESP-ROM:esp32s3-20210327
Build:Mar 27 2021
rst:0xc (RTC_SW_CPU_RST),boot:0x8 (SPI_FAST_FLASH_BOOT)
Saved PC:0x40375888
SPIWP:0xee
mode:DIO, clock div:1
load:0x3fce3810,len:0x171c
load:0x403c9700,len:0x4
load:0x403c9704,len:0xc20
load:0x403cc700,len:0x2f94
entry 0x403c9910
[0;32mI (31) boot: ESP-IDF v5.2-dev-2383-g82cceabc6e 2nd stage bootloader[0m
[0;32mI (31) boot: compile time Sep 12 2023 18:18:32[0m
[0;32mI (32) boot: Multicore bootloader[0m
[0;32mI (36) boot: chip revision: v0.1[0m
[0;32mI (40) boot.esp32s3: Boot SPI Speed : 80MHz[0m
[0;32mI (45) boot.esp32s3: SPI Mode       : DIO[0m
[0;32mI (49) boot.esp32s3: SPI Flash Size : 2MB[0m
[0;32mI (54) boot: Enabling RNG early entropy source...[0m
[0;32mI (60) boot: Partition Table:[0m
[0;32mI (63) boot: ## Label            Usage          Type ST Offset   Length[0m
[0;32mI (70) boot:  0 nvs              WiFi data        01 02 00009000 00006000[0m
[0;32mI (78) boot:  1 phy_init         RF data          01 01 0000f000 00001000[0m
[0;32mI (85) boot:  2 factory          factory app      00 00 00010000 00100000[0m
[0;32mI (93) boot: End of partition table[0m
[0;32mI (97) esp_image: segment 0: paddr=00010020 vaddr=3c050020 size=1e428h (123944) map[0m
[0;32mI (128) esp_image: segment 1: paddr=0002e450 vaddr=3fc93200 size=01bc8h (  7112) load[0m
[0;32mI (130) esp_image: segment 2: paddr=00030020 vaddr=42000020 size=4c7a0h (313248) map[0m
[0;32mI (190) esp_image: segment 3: paddr=0007c7c8 vaddr=3fc94dc8 size=00ed8h (  3800) load[0m
[0;32mI (191) esp_image: segment 4: paddr=0007d6a8 vaddr=40374000 size=0f184h ( 61828) load[0m
[0;32mI (215) boot: Loaded app from partition at offset 0x10000[0m
[0;32mI (215) boot: Disabling RNG early entropy source...[0m
[0;32mI (227) cpu_start: Multicore app[0m
[0;32mI (227) cpu_start: Pro cpu up.[0m
[0;32mI (227) cpu_start: Starting app cpu, entry point is 0x40375294[0m
[0;32mI (206) cpu_start: App cpu up.[0m
[0;32mI (246) cpu_start: Pro cpu start user code[0m
[0;32mI (246) cpu_start: cpu freq: 160000000 Hz[0m
[0;32mI (246) cpu_start: Application information:[0m
[0;32mI (249) cpu_start: Project name:     scanchain[0m
[0;32mI (254) cpu_start: App version:      4812529-dirty[0m
